C 100

CE <078>
CR <178>
CP <138>

F 0

I 1

L * # #  # |   #        x


R {    1} {0} {} {大理寺} { } {} {} {} {} {} {1.000}
E {    2} {east} {east} {2} {0} {}
E {    9} {southeast} {southeast} {6} {0} {}

R {    2} {0} {} {} { } {} {} {} {} {} {1.000}
E {    1} {west} {west} {8} {0} {}
E {    3} {northwest} {northwest} {9} {0} {}

R {    3} {0} {} {} { } {} {} {} {} {} {1.000}
E {    2} {southeast} {southeast} {6} {0} {}
E {    4} {enter} {enter} {128} {0} {}

R {    4} {0} {} {} { } {} {} {} {} {} {1.000}
E {    3} {out} {out} {64} {0} {}
E {    5} {north} {north} {1} {0} {}

R {    5} {0} {} {} { } {} {} {} {} {} {1.000}
E {    4} {south} {south} {4} {0} {}
E {    6} {north} {north} {1} {0} {}
E {    7} {west} {west} {8} {0} {}
E {    8} {east} {east} {2} {0} {}

R {    6} {0} {} {学堂} { } {} {} {} {} {} {1.000}
E {    5} {south} {south} {4} {0} {}

R {    7} {0} {} {厢房} { } {} {} {} {} {} {1.000}
E {    5} {east} {east} {2} {0} {}

R {    8} {0} {} {厨房} { } {} {} {} {} {} {1.000}
E {    5} {west} {west} {8} {0} {}

R {    9} {0} {} {} { } {} {} {} {} {} {1.000}
E {    1} {northwest} {northwest} {9} {0} {}
E {   10} {south} {south} {4} {0} {}

R {   10} {0} {} {} { } {} {} {} {} {} {1.000}
E {    9} {north} {north} {1} {0} {}
E {   11} {south} {south} {4} {0} {}

R {   11} {0} {} {} { } {} {} {} {} {} {1.000}
E {   10} {north} {north} {1} {0} {}
E {   12} {east} {east} {2} {0} {}

R {   12} {0} {} {都亭驿} { } {} {} {} {} {} {1.000}
E {   11} {west} {west} {8} {0} {}
