C 100

CE <078>
CH <118>
CP <138>
CR <178>

F 0

I 1

L * # #  # |   #        x


R {    1} {0} {} {书房} { } {} {} {} {} {} {1.000}
E {    2} {east} {east} {2} {0} {}

R {    2} {0} {} {后花园} { } {} {} {} {} {} {1.000}
E {    1} {west} {west} {8} {0} {}
E {    3} {south} {south} {4} {0} {}
E {    4} {east} {east} {2} {0} {}

R {    3} {0} {} {华山休息室} { } {} {} {} {} {} {1.000}
E {    2} {north} {north} {1} {0} {}

R {    4} {0} {} {4} { } {} {} {} {} {} {1.000}
E {    2} {west} {west} {8} {0} {}
E {    5} {east} {east} {2} {0} {}
E {    6} {south} {south} {4} {0} {}
E {    7} {north} {north} {1} {0} {}

R {    5} {0} {} {练功房} { } {} {} {} {} {} {1.000}
E {    4} {west} {west} {8} {0} {}

R {    6} {0} {} {饭厅} { } {} {} {} {} {} {1.000}
E {    4} {north} {north} {1} {0} {}

R {    7} {0} {} {} { } {} {} {} {} {} {1.000}
E {    4} {south} {south} {4} {0} {}
E {    8} {north} {north} {1} {0} {}

R {    8} {0} {} {} { } {} {} {} {} {} {1.000}
E {    7} {south} {south} {4} {0} {}
E {    9} {north} {north} {1} {0} {}

R {    9} {0} {} {玉女峰} { } {} {} {} {} {} {1.000}
E {    8} {south} {south} {4} {0} {}
E {   10} {east} {east} {2} {0} {}

R {   10} {0} {} {玉女祠} { } {} {} {} {} {} {1.000}
E {    9} {west} {west} {8} {0} {}
E {   11} {southdown} {southdown} {36} {0} {}

R {   11} {0} {} {} { } {} {} {} {} {} {1.000}
E {   10} {northup} {northup} {17} {0} {}
E {   12} {southdown} {southdown} {36} {0} {}

R {   12} {0} {} {} { } {} {} {} {} {} {1.000}
E {   11} {northup} {northup} {17} {0} {}
E {   13} {southdown} {southdown} {36} {0} {}

R {   13} {0} {} {小院} { } {} {} {} {} {} {1.000}
E {   12} {northup} {northup} {17} {0} {}
