C 100

CE <078>
CR <178>
CP <138>

F 1

I 96

L * # # # | # x          


R {    1} {0} {} {方丈楼} { } {} {} {} {} {}
E {    2} {west} {west} {8} {0} {}
E {    8} {east} {east} {2} {0} {}
E {    6} {north} {north} {1} {0} {}
E {   24} {south} {south} {4} {0} {}
E {   92} {up} {up} {16} {0} {}

R {    2} {0} {} {2} { } {} {} {} {} {}
E {    1} {east} {east} {2} {0} {}
E {    3} {west} {west} {8} {0} {}
E {    5} {north} {north} {1} {0} {}
E {   25} {south} {south} {4} {0} {}

R {    3} {0} {} {3} { } {} {} {} {} {}
E {    2} {east} {east} {2} {0} {}
E {    4} {north} {north} {1} {0} {}
E {   32} {southdown} {southdown} {36} {0} {}

R {    4} {0} {} {4} { } {} {} {} {} {}
E {    3} {south} {south} {4} {0} {}
E {    5} {east} {east} {2} {0} {}
E {   23} {north} {north} {1} {0} {}

R {    5} {0} {} {和尚院四部} { } {} {} {} {} {}
E {    4} {west} {west} {8} {0} {}
E {    6} {east} {east} {2} {0} {}
E {    2} {south} {south} {4} {0} {}
E {   20} {north} {north} {1} {0} {}

R {    6} {0} {} {练武场} { } {} {} {} {} {}
E {    5} {west} {west} {8} {0} {}
E {    7} {east} {east} {2} {0} {}
E {    1} {south} {south} {4} {0} {}
E {   18} {north} {north} {1} {0} {}
E {   84} {northup} {northup} {17} {0} {}

R {    7} {0} {} {和尚院一部} { } {} {} {} {} {}
E {    6} {west} {west} {8} {0} {}
E {    8} {south} {south} {4} {0} {}

R {    8} {0} {} {8} { } {} {} {} {} {}
E {    7} {north} {north} {1} {0} {}
E {    1} {west} {west} {8} {0} {}
E {    9} {east} {east} {2} {0} {}
E {   26} {south} {south} {4} {0} {}

R {    9} {0} {} {9} { } {} {} {} {} {}
E {    8} {west} {west} {8} {0} {}
E {   10} {north} {north} {1} {0} {}
E {   41} {southdown} {southdown} {36} {0} {}

R {   10} {0} {} {10} { } {} {} {} {} {}
E {    9} {south} {south} {4} {0} {}
E {   11} {north} {north} {1} {0} {}

R {   11} {0} {} {11} { } {} {} {} {} {}
E {   10} {south} {south} {4} {0} {}
E {   14} {north} {north} {1} {0} {}
E {   15} {east} {east} {2} {0} {}

R {   12} {16} {} {地藏殿} { } {} {} {} {} {}
E {   18} {east} {east} {2} {0} {}

R {   13} {0} {} {和尚院三部} { } {} {} {} {} {}
E {   14} {east} {east} {2} {0} {}

R {   14} {0} {} {14} { } {} {} {} {} {}
E {   13} {west} {west} {8} {0} {}
E {   11} {south} {south} {4} {0} {}

R {   15} {0} {} {武器库} { } {} {} {} {} {}
E {   11} {west} {west} {8} {0} {}
E {   16} {north} {north} {1} {0} {}

R {   16} {0} {} {防具库} { } {} {} {} {} {}
E {   15} {south} {south} {4} {0} {}
E {   17} {north} {north} {1} {0} {}

R {   17} {0} {} {药品库} { } {} {} {} {} {}
E {   16} {south} {south} {4} {0} {}

R {   18} {0} {} {广场3} { } {} {} {} {} {}
E {    6} {south} {south} {4} {0} {}
E {   12} {west} {west} {8} {0} {}
E {   19} {east} {east} {2} {0} {}
E {   89} {northup} {northup} {17} {0} {}

R {   19} {16} {} {白衣殿} { } {} {} {} {} {}
E {   18} {west} {west} {8} {0} {}

R {   20} {0} {} {和尚院五部} { } {} {} {} {} {}
E {    5} {south} {south} {4} {0} {}
E {   21} {north} {north} {1} {0} {}
E {   23} {west} {west} {8} {0} {}

R {   21} {0} {} {和尚院六部} { } {} {} {} {} {}
E {   20} {south} {south} {4} {0} {}
E {   22} {west} {west} {8} {0} {}

R {   22} {0} {} {22} { } {} {} {} {} {}
E {   21} {east} {east} {2} {0} {}
E {   23} {south} {south} {4} {0} {}

R {   23} {0} {} {23} { } {} {} {} {} {}
E {   22} {north} {north} {1} {0} {}
E {   20} {east} {east} {2} {0} {}
E {    4} {south} {south} {4} {0} {}

R {   24} {0} {} {练武场} { } {} {} {} {} {}
E {    1} {north} {north} {1} {0} {}
E {   25} {west} {west} {8} {0} {}
E {   26} {east} {east} {2} {0} {}
E {   27} {south} {south} {4} {0} {}

R {   25} {16} {} {25} { } {} {} {} {} {}
E {   24} {east} {east} {2} {0} {}
E {    2} {north} {north} {1} {0} {}
E {   28} {south} {south} {4} {0} {}
E {   25} {} {} {0} {0} {}
E {   36} {west} {west} {8} {0} {}

R {   26} {16} {} {26} { } {} {} {} {} {}
E {   24} {west} {west} {8} {0} {}
E {    8} {north} {north} {1} {0} {}
E {   30} {south} {south} {4} {0} {}
E {   45} {east} {east} {2} {0} {}

R {   27} {0} {} {后殿} { } {} {} {} {} {}
E {   24} {north} {north} {1} {0} {}
E {   28} {west} {west} {8} {0} {}
E {   30} {east} {east} {2} {0} {}
E {   50} {southdown} {southdown} {36} {0} {}

R {   28} {0} {} {28} { } {} {} {} {} {}
E {   27} {east} {east} {2} {0} {}
E {   25} {north} {north} {1} {0} {}
E {   29} {west} {west} {8} {0} {}

R {   29} {0} {} {29} { } {} {} {} {} {}
E {   28} {east} {east} {2} {0} {}
E {   40} {north} {north} {1} {0} {}

R {   30} {0} {} {30} { } {} {} {} {} {}
E {   27} {west} {west} {8} {0} {}
E {   31} {east} {east} {2} {0} {}
E {   26} {north} {north} {1} {0} {}

R {   31} {0} {} {31} { } {} {} {} {} {}
E {   30} {west} {west} {8} {0} {}
E {   49} {north} {north} {1} {0} {}

R {   32} {0} {} {般若堂九部} { } {} {} {} {} {}
E {    3} {northup} {northup} {17} {0} {}
E {   33} {south} {south} {4} {0} {}

R {   33} {0} {} {般若堂八部} { } {} {} {} {} {}
E {   32} {north} {north} {1} {0} {}
E {   34} {south} {south} {4} {0} {}

R {   34} {0} {} {般若堂七部} { } {} {} {} {} {}
E {   33} {north} {north} {1} {0} {}
E {   35} {south} {south} {4} {0} {}

R {   35} {0} {} {般若堂六部} { } {} {} {} {} {}
E {   34} {north} {north} {1} {0} {}
E {   36} {south} {south} {4} {0} {}

R {   36} {0} {} {般若堂五部} { } {} {} {} {} {}
E {   35} {north} {north} {1} {0} {}
E {   37} {south} {south} {4} {0} {}
E {   25} {east} {east} {2} {0} {}

R {   37} {0} {} {般若堂四部} { } {} {} {} {} {}
E {   36} {north} {north} {1} {0} {}
E {   38} {south} {south} {4} {0} {}

R {   38} {0} {} {般若堂三部} { } {} {} {} {} {}
E {   37} {north} {north} {1} {0} {}
E {   39} {south} {south} {4} {0} {}

R {   39} {0} {} {般若堂二部} { } {} {} {} {} {}
E {   38} {north} {north} {1} {0} {}
E {   40} {south} {south} {4} {0} {}

R {   40} {0} {} {般若堂一部} { } {} {} {} {} {}
E {   39} {north} {north} {1} {0} {}
E {   29} {south} {south} {4} {0} {}

R {   41} {0} {} {罗汉堂九部} { } {} {} {} {} {}
E {    9} {northup} {northup} {17} {0} {}
E {   42} {south} {south} {4} {0} {}

R {   42} {0} {} {罗汉堂八部} { } {} {} {} {} {}
E {   41} {north} {north} {1} {0} {}
E {   43} {south} {south} {4} {0} {}

R {   43} {0} {} {罗汉堂七部} { } {} {} {} {} {}
E {   42} {north} {north} {1} {0} {}
E {   44} {south} {south} {4} {0} {}

R {   44} {0} {} {罗汉堂六部} { } {} {} {} {} {}
E {   43} {north} {north} {1} {0} {}
E {   45} {south} {south} {4} {0} {}

R {   45} {0} {} {罗汉堂五部} { } {} {} {} {} {}
E {   44} {north} {north} {1} {0} {}
E {   46} {south} {south} {4} {0} {}
E {   26} {west} {west} {8} {0} {}

R {   46} {0} {} {罗汉堂四部} { } {} {} {} {} {}
E {   45} {north} {north} {1} {0} {}
E {   47} {south} {south} {4} {0} {}

R {   47} {0} {} {罗汉堂三部} { } {} {} {} {} {}
E {   46} {north} {north} {1} {0} {}
E {   48} {south} {south} {4} {0} {}

R {   48} {0} {} {罗汉堂二部} { } {} {} {} {} {}
E {   47} {north} {north} {1} {0} {}
E {   49} {south} {south} {4} {0} {}

R {   49} {0} {} {罗汉堂一部} { } {} {} {} {} {}
E {   48} {north} {north} {1} {0} {}
E {   31} {south} {south} {4} {0} {}

R {   50} {0} {} {精进场} { } {} {} {} {} {}
E {   27} {northup} {northup} {17} {0} {}
E {   51} {south} {south} {4} {0} {}

R {   51} {0} {} {勤修场} { } {} {} {} {} {}
E {   50} {north} {north} {1} {0} {}
E {   52} {east} {east} {2} {0} {}
E {   53} {west} {west} {8} {0} {}
E {   57} {south} {south} {4} {0} {}

R {   52} {0} {} {天井} { } {} {} {} {} {}
E {   51} {west} {west} {8} {0} {}

R {   53} {0} {} {斋厅} { } {} {} {} {} {}
E {   51} {east} {east} {2} {0} {}
E {   54} {north} {north} {1} {0} {}

R {   54} {0} {} {54} { } {} {} {} {} {}
E {   53} {south} {south} {4} {0} {}
E {   55} {north} {north} {1} {0} {}

R {   55} {0} {} {厨房} { } {} {} {} {} {}
E {   54} {south} {south} {4} {0} {}
E {   56} {west} {west} {8} {0} {}

R {   56} {0} {} {厨房后院} { } {} {} {} {} {}
E {   55} {east} {east} {2} {0} {}

R {   57} {0} {} {广场2} { } {} {} {} {} {}
E {   51} {north} {north} {1} {0} {}
E {   58} {northup} {northup} {17} {0} {}
E {   61} {south} {south} {4} {0} {}
E {   59} {west} {west} {8} {0} {}
E {   60} {east} {east} {2} {0} {}

R {   58} {0} {} {大雄宝殿} { } {} {} {} {} {}
E {   57} {southdown} {southdown} {36} {0} {}

R {   59} {0} {} {鼓楼小院} { } {} {} {} {} {}
E {   57} {east} {east} {2} {0} {}
E {   72} {enter} {enter} {128} {0} {}

R {   60} {0} {} {钟楼小院} { } {} {} {} {} {}
E {   57} {west} {west} {8} {0} {}
E {   78} {enter} {enter} {128} {0} {}

R {   61} {0} {} {天王殿} { } {} {} {} {} {}
E {   57} {north} {north} {1} {0} {}
E {   62} {west} {west} {8} {0} {}
E {   63} {east} {east} {2} {0} {}
E {   64} {southdown} {southdown} {36} {0} {}

R {   62} {0} {} {西侧殿} { } {} {} {} {} {}
E {   61} {east} {east} {2} {0} {}

R {   63} {0} {} {东侧殿} { } {} {} {} {} {}
E {   61} {west} {west} {8} {0} {}

R {   64} {0} {} {64} { } {} {} {} {} {}
E {   61} {northup} {northup} {17} {0} {}
E {   65} {west} {west} {8} {0} {}
E {   66} {east} {east} {2} {0} {}
E {   67} {south} {south} {4} {0} {}

R {   65} {0} {} {西碑林} { } {} {} {} {} {}
E {   64} {east} {east} {2} {0} {}

R {   66} {0} {} {东碑林} { } {} {} {} {} {}
E {   64} {west} {west} {8} {0} {}

R {   67} {0} {} {山门殿} { } {} {} {} {} {}
E {   64} {north} {north} {1} {0} {}
E {   68} {west} {west} {8} {0} {}
E {   69} {east} {east} {2} {0} {}
E {   70} {south} {open gate;s} {4} {0} {}

R {   68} {0} {} {西侧殿} { } {} {} {} {} {}
E {   67} {east} {east} {2} {0} {}

R {   69} {0} {} {69} { } {} {} {} {} {}
E {   67} {west} {west} {8} {0} {}

R {   70} {0} {} {广场} { } {} {} {} {} {}
E {   67} {north} {knock gate;n} {1} {0} {}

R {   71} {0} {} {71} { } {} {} {} {} {}

R {   72} {0} {} {鼓楼一层} { } {} {} {} {} {}
E {   59} {out} {out} {64} {0} {}
E {   73} {up} {up} {16} {0} {}

R {   73} {0} {} {鼓楼二层} { } {} {} {} {} {}
E {   72} {down} {down} {32} {0} {}
E {   74} {up} {up} {16} {0} {}

R {   74} {0} {} {鼓楼三层} { } {} {} {} {} {}
E {   73} {down} {down} {32} {0} {}
E {   75} {up} {up} {16} {0} {}

R {   75} {0} {} {鼓楼四层} { } {} {} {} {} {}
E {   74} {down} {down} {32} {0} {}
E {   76} {up} {up} {16} {0} {}

R {   76} {0} {} {鼓楼五层} { } {} {} {} {} {}
E {   75} {down} {down} {32} {0} {}
E {   77} {up} {up} {16} {0} {}

R {   77} {0} {} {鼓楼六层} { } {} {} {} {} {}
E {   76} {down} {down} {32} {0} {}
E {   87} {up} {up} {16} {0} {}

R {   78} {0} {} {钟楼一层} { } {} {} {} {} {}
E {   60} {out} {out} {64} {0} {}
E {   79} {up} {up} {16} {0} {}

R {   79} {0} {} {钟楼二层} { } {} {} {} {} {}
E {   78} {down} {down} {32} {0} {}
E {   80} {up} {up} {16} {0} {}

R {   80} {0} {} {钟楼三层} { } {} {} {} {} {}
E {   79} {down} {down} {32} {0} {}
E {   81} {up} {up} {16} {0} {}

R {   81} {0} {} {钟楼四层} { } {} {} {} {} {}
E {   80} {down} {down} {32} {0} {}
E {   82} {up} {up} {16} {0} {}

R {   82} {0} {} {钟楼五层} { } {} {} {} {} {}
E {   81} {down} {down} {32} {0} {}
E {   83} {up} {up} {16} {0} {}

R {   83} {0} {} {钟楼六层} { } {} {} {} {} {}
E {   82} {down} {down} {32} {0} {}
E {   88} {up} {up} {16} {0} {}

R {   84} {0} {} {达摩院} { } {} {} {} {} {}
E {    6} {southdown} {southdown} {36} {0} {}
E {   85} {up} {up} {0} {0} {}

R {   85} {0} {} {达摩院二楼} { } {} {} {} {} {}
E {   84} {down} {down} {32} {0} {}
E {   86} {north} {north} {1} {0} {}

R {   86} {0} {} {禅院} { } {} {} {} {} {}
E {   85} {south} {south} {4} {0} {}

R {   87} {0} {} {鼓楼七层} { } {} {} {} {} {}
E {   77} {down} {down} {32} {0} {}

R {   88} {0} {} {钟楼七层} { } {} {} {} {} {}
E {   83} {down} {down} {32} {0} {}

R {   89} {0} {} {千佛殿} { } {} {} {} {} {}
E {   18} {southdown} {southdown} {36} {0} {}
E {   90} {north} {open door; n} {1} {0} {}

R {   90} {0} {} {竹林} { } {} {} {} {} {}
E {   89} {south} {south} {4} {0} {}
E {   91} {enter} {map.go.wait; n;sw;se;n;s;w;e;#delay {0.5} {w;e;e;s;w;n;nw;n;map.go.resume}} {128} {0} {}

R {   91} {0} {} {达摩洞} { } {} {} {} {} {}
E {   90} {out} {out} {64} {0} {}
E {   94} {enter} {enter} {128} {0} {}

R {   92} {0} {} {茶室} { } {} {} {} {} {}
E {    1} {down} {down} {32} {0} {}
E {   93} {north} {north} {1} {0} {}

R {   93} {0} {} {方丈室} { } {} {} {} {} {}
E {   92} {south} {south} {4} {0} {}

R {   94} {0} {} {94} { } {} {} {} {} {}
E {   91} {out} {out} {64} {0} {}
E {   95} {north} {north} {1} {0} {}

R {   95} {0} {} {95} { } {} {} {} {} {}
E {   94} {south} {south} {4} {0} {}
E {   96} {north} {north} {1} {0} {}

R {   96} {0} {} {达摩禅房} { } {} {} {} {} {}
E {   95} {south} {south} {4} {0} {}
