C 15000

CE <078>
CR <178>
CP <138>

F 11

I 114

L * # # + # | + + # + - + + + + + x


R {    1} {0} {} {客店} { } {} {} {}
E {    2} {up} {up} {16} {0}
E {    3} {west} {west} {8} {0}

R {    2} {0} {} {2} { } {} {} {}
E {    1} {down} {down} {32} {0}

R {    3} {0} {} {3} { } {} {} {}
E {    1} {east} {east} {2} {0}
E {    4} {west} {west} {8} {0}
E {    8} {south} {south} {4} {0}
E {    9} {southeast} {southeast} {6} {0}
E {   65} {north} {north} {1} {0}

R {    4} {0} {} {扬州钱庄} { } {} {} {}
E {    3} {east} {east} {2} {0}
E {    5} {south} {south} {4} {0}

R {    5} {0} {} {5} { } {} {} {}
E {    4} {north} {north} {1} {0}

R {    6} {0} {} {ct} { } {} {} {}
E {   27} {north} {north} {1} {0}
E {    7} {south} {south} {4} {0}
E {   43} {east} {east} {2} {0}
E {   42} {west} {west} {8} {0}
E {  112} {down} {down} {32} {0}
E {  114} {enter shudong} {enter shudong} {0} {0}
E {  114} {enter} {enter} {128} {0}

R {    7} {0} {} {7} { } {} {} {}
E {    6} {north} {north} {1} {0}
E {   44} {east} {east} {2} {0}
E {   46} {west} {west} {8} {0}
E {   48} {south} {south} {4} {0}

R {    8} {8} {} {8} { } {} {} {}
E {   12} {south} {south} {4} {0}
E {    3} {north} {north} {1} {0}

R {    9} {0} {} {9} { } {} {} {}
E {    3} {northwest} {northwest} {9} {0}
E {   10} {east} {east} {2} {0}

R {   10} {0} {} {10} { } {} {} {}
E {    9} {west} {west} {8} {0}

R {   11} {0} {} {11} { } {} {} {}
E {   43} {west} {west} {8} {0}
E {   13} {north} {north} {1} {0}
E {   14} {east} {east} {2} {0}
E {   22} {south} {south} {4} {0}

R {   12} {8} {} {12} { } {} {} {}
E {    8} {north} {north} {1} {0}
E {   27} {south} {south} {4} {0}

R {   13} {0} {} {书院} { } {} {} {}
E {   11} {south} {south} {4} {0}

R {   14} {0} {} {14} { } {} {} {}
E {   11} {west} {west} {8} {0}
E {   15} {north} {north} {1} {0}
E {   16} {east} {east} {2} {0}
E {   20} {south} {south} {4} {0}

R {   15} {0} {} {15} { } {} {} {}
E {   14} {south} {south} {4} {0}

R {   16} {0} {} {16} { } {} {} {}
E {   14} {west} {west} {8} {0}
E {   17} {east} {east} {2} {0}
E {   18} {north} {north} {1} {0}
E {   19} {south} {south} {4} {0}

R {   17} {0} {} {东门} { } {} {} {}
E {   16} {west} {west} {8} {0}

R {   18} {0} {} {18} { } {} {} {}
E {   16} {south} {south} {4} {0}

R {   19} {0} {} {19} { } {} {} {}
E {   16} {north} {north} {1} {0}

R {   20} {0} {} {20} { } {} {} {}
E {   14} {north} {north} {1} {0}
E {   21} {south} {south} {4} {0}

R {   21} {0} {} {21} { } {} {} {}
E {   20} {north} {north} {1} {0}

R {   22} {0} {} {杂货铺} { } {} {} {}
E {   11} {north} {north} {1} {0}

R {   23} {0} {} {23} { } {} {} {}
E {   42} {east} {east} {2} {0}
E {   24} {south} {south} {4} {0}
E {   25} {north} {north} {1} {0}
E {   29} {west} {west} {8} {0}

R {   24} {0} {} {24} { } {} {} {}
E {   23} {north} {north} {1} {0}

R {   25} {0} {} {25} { } {} {} {}
E {   23} {south} {south} {4} {0}
E {   26} {west} {west} {8} {0}

R {   26} {0} {} {26} { } {} {} {}
E {   25} {east} {east} {2} {0}

R {   27} {8} {} {27} { } {} {} {}
E {   12} {north} {north} {1} {0}
E {    6} {south} {south} {4} {0}

R {   28} {0} {} {28} { } {} {} {}
E {   29} {east} {east} {2} {0}
E {   30} {north} {north} {1} {0}
E {   40} {west} {west} {8} {0}

R {   29} {8} {} {29} { } {} {} {}
E {   28} {west} {west} {8} {0}
E {   23} {east} {east} {2} {0}

R {   30} {0} {} {30} { } {} {} {}
E {   28} {south} {south} {4} {0}
E {   31} {north} {north} {1} {0}

R {   31} {0} {} {31} { } {} {} {}
E {   30} {south} {south} {4} {0}
E {   32} {north} {north} {1} {0}

R {   32} {0} {} {32} { } {} {} {}
E {   31} {south} {south} {4} {0}
E {   33} {west} {west} {8} {0}

R {   33} {0} {} {33} { } {} {} {}
E {   32} {east} {east} {2} {0}

R {   34} {0} {} {34} { } {} {} {}
E {   40} {east} {east} {2} {0}
E {   35} {west} {west} {8} {0}
E {   36} {north} {north} {1} {0}
E {   37} {south} {south} {4} {0}

R {   35} {0} {} {西门} { } {} {} {}
E {   34} {east} {east} {2} {0}

R {   36} {0} {} {36} { } {} {} {}
E {   34} {south} {south} {4} {0}

R {   37} {0} {} {37} { } {} {} {}
E {   34} {north} {north} {1} {0}
E {   38} {east} {east} {2} {0}

R {   38} {0} {} {38} { } {} {} {}
E {   37} {west} {west} {8} {0}
E {   39} {east} {east} {2} {0}

R {   39} {0} {} {39} { } {} {} {}
E {   38} {west} {west} {8} {0}
E {   41} {east} {east} {2} {0}

R {   40} {8} {} {40} { } {} {} {}
E {   34} {west} {west} {8} {0}
E {   28} {east} {east} {2} {0}

R {   41} {0} {} {41} { } {} {} {}
E {   39} {west} {west} {8} {0}

R {   42} {8} {} {42} { } {} {} {}
E {   23} {west} {west} {8} {0}
E {    6} {east} {east} {2} {0}

R {   43} {8} {} {43} { } {} {} {}
E {   11} {east} {east} {2} {0}
E {    6} {west} {west} {8} {0}

R {   44} {0} {} {当铺} { } {} {} {}
E {    7} {west} {west} {8} {0}
E {   45} {south} {south} {4} {0}

R {   45} {0} {} {45} { } {} {} {}
E {   44} {north} {north} {1} {0}

R {   46} {0} {} {46} { } {} {} {}
E {    7} {east} {east} {2} {0}

R {   47} {0} {} {47} { } {} {} {}
E {   48} {north} {north} {1} {0}
E {   49} {west} {west} {8} {0}
E {   50} {east} {east} {2} {0}
E {   53} {south} {south} {4} {0}

R {   48} {8} {} {48} { } {} {} {}
E {   47} {south} {south} {4} {0}
E {    7} {north} {north} {1} {0}

R {   49} {0} {} {49} { } {} {} {}
E {   47} {east} {east} {2} {0}

R {   50} {0} {} {50} { } {} {} {}
E {   47} {west} {west} {8} {0}

R {   51} {0} {} {51} { } {} {} {}
E {   53} {north} {north} {1} {0}
E {   52} {west} {west} {8} {0}
E {   54} {east} {east} {2} {0}
E {   64} {south} {south} {4} {0}

R {   52} {0} {} {别墅} { } {} {} {}
E {   51} {east} {east} {2} {0}

R {   53} {8} {} {53} { } {} {} {}
E {   51} {south} {south} {4} {0}
E {   47} {north} {north} {1} {0}

R {   54} {0} {} {54} { } {} {} {}
E {   51} {west} {west} {8} {0}
E {   55} {north} {north} {1} {0}
E {   56} {south} {south} {4} {0}
E {   57} {east} {east} {2} {0}

R {   55} {0} {} {55} { } {} {} {}
E {   54} {south} {south} {4} {0}

R {   56} {0} {} {56} { } {} {} {}
E {   54} {north} {north} {1} {0}

R {   57} {0} {} {57} { } {} {} {}
E {   54} {west} {west} {8} {0}
E {   58} {north} {north} {1} {0}
E {   59} {south} {south} {4} {0}
E {   60} {east} {east} {2} {0}

R {   58} {0} {} {58} { } {} {} {}
E {   57} {south} {south} {4} {0}

R {   59} {0} {} {59} { } {} {} {}
E {   57} {north} {north} {1} {0}

R {   60} {0} {} {60} { } {} {} {}
E {   57} {west} {west} {8} {0}
E {   61} {north} {north} {1} {0}
E {   62} {south} {south} {4} {0}
E {   63} {east} {east} {2} {0}

R {   61} {0} {} {61} { } {} {} {}
E {   60} {south} {south} {4} {0}

R {   62} {0} {} {62} { } {} {} {}
E {   60} {north} {north} {1} {0}

R {   63} {0} {} {63} { } {} {} {}
E {   60} {west} {west} {8} {0}

R {   64} {0} {} {南门} { } {} {} {}
E {   51} {north} {north} {1} {0}

R {   65} {0} {} {65} { } {} {} {}
E {    3} {south} {south} {4} {0}
E {   66} {west} {west} {8} {0}
E {   68} {east} {east} {2} {0}
E {   70} {north} {north} {1} {0}

R {   66} {0} {} {武庙} { } {} {} {}
E {   65} {east} {east} {2} {0}
E {   67} {up} {up} {16} {0}

R {   67} {0} {} {67} { } {} {} {}
E {   66} {down} {down} {32} {0}

R {   68} {0} {} {68} { } {} {} {}
E {   65} {west} {west} {8} {0}
E {   69} {up} {up} {16} {0}

R {   69} {0} {} {69} { } {} {} {}
E {   68} {down} {down} {32} {0}

R {   70} {0} {} {北门} { } {} {} {}
E {   65} {south} {south} {4} {0}
E {   71} {east} {east} {2} {0}
E {   92} {north} {north} {1} {0}

R {   71} {0} {} {71} { } {} {} {}
E {   70} {west} {west} {8} {0}

R {   72} {0} {} {72} { } {} {} {}
E {   73} {north} {north} {1} {0}

R {   73} {0} {} {73} { } {} {} {}
E {   72} {south} {south} {4} {0}
E {   74} {north} {north} {1} {0}

R {   74} {0} {} {74} { } {} {} {}
E {   73} {south} {south} {4} {0}
E {   75} {north} {north} {1} {0}

R {   75} {0} {} {75} { } {} {} {}
E {   74} {south} {south} {4} {0}
E {   76} {west} {west} {8} {0}
E {   80} {north} {north} {1} {0}

R {   76} {0} {} {76} { } {} {} {}
E {   75} {east} {east} {2} {0}
E {   77} {west} {west} {8} {0}
E {   79} {north} {north} {1} {0}

R {   77} {0} {} {77} { } {} {} {}
E {   76} {east} {east} {2} {0}
E {   78} {north} {north} {1} {0}

R {   78} {0} {} {78} { } {} {} {}
E {   77} {south} {south} {4} {0}
E {   79} {east} {east} {2} {0}

R {   79} {0} {} {79} { } {} {} {}
E {   76} {south} {south} {4} {0}
E {   78} {west} {west} {8} {0}
E {   80} {east} {east} {2} {0}

R {   80} {0} {} {80} { } {} {} {}
E {   79} {west} {west} {8} {0}
E {   75} {south} {south} {4} {0}
E {   81} {north} {north} {1} {0}

R {   81} {0} {} {81} { } {} {} {}
E {   80} {south} {south} {4} {0}
E {   82} {east} {east} {2} {0}
E {   84} {north} {north} {1} {0}

R {   82} {0} {} {82} { } {} {} {}
E {   81} {west} {west} {8} {0}
E {   83} {north} {north} {1} {0}

R {   83} {0} {} {83} { } {} {} {}
E {   82} {south} {south} {4} {0}

R {   84} {0} {} {84} { } {} {} {}
E {   81} {south} {south} {4} {0}
E {   85} {west} {west} {8} {0}
E {   86} {north} {north} {1} {0}

R {   85} {0} {} {85} { } {} {} {}
E {   84} {east} {east} {2} {0}

R {   86} {0} {} {86} { } {} {} {}
E {   84} {south} {south} {4} {0}
E {   87} {north} {north} {1} {0}

R {   87} {0} {} {87} { } {} {} {}
E {   86} {south} {south} {4} {0}
E {   88} {northwest} {northwest} {9} {0}

R {   88} {0} {} {88} { } {} {} {}
E {   87} {southeast} {southeast} {6} {0}
E {   89} {northwest} {northwest} {9} {0}

R {   89} {0} {} {89} { } {} {} {}
E {   88} {southeast} {southeast} {6} {0}
E {   90} {northwest} {northwest} {9} {0}

R {   90} {0} {} {90} { } {} {} {}
E {   89} {southeast} {southeast} {6} {0}
E {   91} {west} {west} {8} {0}

R {   91} {0} {} {91} { } {} {} {}
E {   90} {east} {east} {2} {0}

R {   92} {0} {} {92} { } {} {} {}
E {   70} {south} {south} {4} {0}
E {   93} {north} {north} {1} {0}

R {   93} {0} {} {93} { } {} {} {}
E {   92} {south} {south} {4} {0}
E {   94} {north} {north} {1} {0}

R {   94} {0} {} {94} { } {} {} {}
E {   93} {south} {south} {4} {0}
E {   95} {north} {north} {1} {0}

R {   95} {0} {} {95} { } {} {} {}
E {   94} {south} {south} {4} {0}
E {   96} {north} {north} {1} {0}

R {   96} {0} {} {96} { } {} {} {}
E {   95} {south} {south} {4} {0}
E {   97} {north} {north} {1} {0}

R {   97} {0} {} {97} { } {} {} {}
E {   96} {south} {south} {4} {0}
E {   98} {west} {west} {8} {0}
E {  101} {north} {north} {1} {0}

R {   98} {0} {} {98} { } {} {} {}
E {   97} {east} {east} {2} {0}
E {   99} {west} {west} {8} {0}

R {   99} {0} {} {99} { } {} {} {}
E {   98} {east} {east} {2} {0}
E {  100} {north} {north} {1} {0}

R {  100} {0} {} {100} { } {} {} {}
E {   99} {south} {south} {4} {0}

R {  101} {0} {} {101} { } {} {} {}
E {   97} {south} {south} {4} {0}
E {  102} {east} {east} {2} {0}
E {  104} {north} {north} {1} {0}

R {  102} {0} {} {102} { } {} {} {}
E {  101} {west} {west} {8} {0}
E {  103} {north} {north} {1} {0}

R {  103} {0} {} {103} { } {} {} {}
E {  102} {south} {south} {4} {0}

R {  104} {0} {} {104} { } {} {} {}
E {  101} {south} {south} {4} {0}
E {  105} {west} {west} {8} {0}
E {  106} {north} {north} {1} {0}

R {  105} {0} {} {105} { } {} {} {}
E {  104} {east} {east} {2} {0}

R {  106} {0} {} {106} { } {} {} {}
E {  104} {south} {south} {4} {0}
E {  107} {north} {north} {1} {0}

R {  107} {0} {} {107} { } {} {} {}
E {  106} {south} {south} {4} {0}
E {  108} {northwest} {northwest} {9} {0}

R {  108} {0} {} {108} { } {} {} {}
E {  107} {southeast} {southeast} {6} {0}
E {  109} {northwest} {northwest} {9} {0}

R {  109} {0} {} {109} { } {} {} {}
E {  108} {southeast} {southeast} {6} {0}
E {  110} {northwest} {northwest} {9} {0}

R {  110} {0} {} {110} { } {} {} {}
E {  109} {southeast} {southeast} {6} {0}
E {  111} {west} {west} {8} {0}

R {  111} {0} {} {111} { } {} {} {}
E {  110} {east} {east} {2} {0}

R {  112} {0} {} {112} { } {} {} {}
E {    6} {up} {up} {16} {0}
E {  113} {out} {out} {64} {0}

R {  113} {0} {} {发呆室} { } {} {} {}
E {  112} {enter} {enter} {128} {0}

R {  114} {0} {} {树洞} { } {} {} {}
E {    6} {out} {out} {64} {0}
