C 100

CE <078>
CH <118>
CP <138>
CR <178>

F 0

I 15

L * # # # | # x          


R {    1} {0} {} {谢客亭} { } {} {} {} {} {} {1.000}
E {    2} {enter} {enter} {128} {0} {}
E {    7} {southup} {southup} {20} {0} {}

R {    2} {0} {} {2} { } {} {} {} {} {} {1.000}
E {    1} {out} {out} {64} {0} {}
E {    3} {east} {east} {2} {0} {}
E {    5} {north} {north} {1} {0} {}

R {    3} {0} {} {3} { } {} {} {} {} {} {1.000}
E {    2} {west} {west} {8} {0} {}
E {    4} {enter} {enter} {128} {0} {}

R {    4} {0} {} {清心舍} { } {} {} {} {} {} {1.000}
E {    3} {out} {out} {64} {0} {}

R {    5} {0} {} {护法扎仓} { } {} {} {} {} {} {1.000}
E {    2} {south} {south} {4} {0} {}
E {    6} {west} {west} {8} {0} {}
E {   10} {east} {east} {2} {0} {}
E {   13} {northup} {northup} {17} {0} {}

R {    6} {0} {} {苦修扎仓} { } {} {} {} {} {} {1.000}
E {    5} {east} {east} {2} {0} {}

R {    7} {0} {} {7} { } {} {} {} {} {} {1.000}
E {    1} {northdown} {northdown} {33} {0} {}
E {    8} {south} {south} {4} {0} {}

R {    8} {0} {} {却日殿} { } {} {} {} {} {} {1.000}
E {    7} {north} {north} {1} {0} {}
E {    9} {south} {south} {4} {0} {}

R {    9} {0} {} {礼佛大殿} { } {} {} {} {} {} {1.000}
E {    8} {north} {north} {1} {0} {}

R {   10} {0} {} {精进扎仓} { } {} {} {} {} {} {1.000}
E {    5} {west} {west} {8} {0} {}
E {   11} {north} {north} {1} {0} {}

R {   11} {0} {} {大经堂} { } {} {} {} {} {} {1.000}
E {   10} {south} {south} {4} {0} {}
E {   12} {west} {west} {8} {0} {}

R {   12} {0} {} {} { } {} {} {} {} {} {1.000}
E {   11} {east} {east} {2} {0} {}

R {   13} {0} {} {} { } {} {} {} {} {} {1.000}
E {    5} {southdown} {southdown} {36} {0} {}
E {   11} {east} {east} {2} {0} {}
E {   14} {north} {north} {1} {0} {}

R {   14} {0} {} {} { } {} {} {} {} {} {1.000}
E {   13} {south} {south} {4} {0} {}
E {   15} {up} {up} {16} {0} {}

R {   15} {0} {} {法堂二楼} { } {} {} {} {} {} {1.000}
E {   14} {down} {down} {32} {0} {}
