C 100

CE <078>
CH <118>
CP <138>
CR <178>

F 0

I 15

L * # # # | # x          


R {    1} {0} {} {谢客亭} { } {} {} {} {} {} {1.000}
E {    2} {enter} {enter} {128} {0} {}
E {    7} {su} {su} {20} {0} {}

R {    2} {0} {} {2} { } {} {} {} {} {} {1.000}
E {    1} {out} {out} {64} {0} {}
E {    3} {e} {e} {2} {0} {}
E {    5} {n} {n} {1} {0} {}

R {    3} {0} {} {3} { } {} {} {} {} {} {1.000}
E {    2} {w} {w} {8} {0} {}
E {    4} {enter} {enter} {128} {0} {}

R {    4} {0} {} {清心舍} { } {} {} {} {} {} {1.000}
E {    3} {out} {out} {64} {0} {}

R {    5} {0} {} {护法扎仓} { } {} {} {} {} {} {1.000}
E {    2} {s} {s} {4} {0} {}
E {    6} {w} {w} {8} {0} {}
E {   10} {e} {e} {2} {0} {}
E {   13} {nu} {nu} {17} {0} {}

R {    6} {0} {} {苦修扎仓} { } {} {} {} {} {} {1.000}
E {    5} {e} {e} {2} {0} {}

R {    7} {0} {} {7} { } {} {} {} {} {} {1.000}
E {    1} {nd} {nd} {33} {0} {}
E {    8} {s} {s} {4} {0} {}

R {    8} {0} {} {却日殿} { } {} {} {} {} {} {1.000}
E {    7} {n} {n} {1} {0} {}
E {    9} {s} {s} {4} {0} {}

R {    9} {0} {} {礼佛大殿} { } {} {} {} {} {} {1.000}
E {    8} {n} {n} {1} {0} {}

R {   10} {0} {} {精进扎仓} { } {} {} {} {} {} {1.000}
E {    5} {w} {w} {8} {0} {}
E {   11} {n} {n} {1} {0} {}

R {   11} {0} {} {大经堂} { } {} {} {} {} {} {1.000}
E {   10} {s} {s} {4} {0} {}
E {   12} {w} {w} {8} {0} {}

R {   12} {0} {} {} { } {} {} {} {} {} {1.000}
E {   11} {e} {e} {2} {0} {}

R {   13} {0} {} {} { } {} {} {} {} {} {1.000}
E {    5} {sd} {sd} {36} {0} {}
E {   11} {e} {e} {2} {0} {}
E {   14} {n} {n} {1} {0} {}

R {   14} {0} {} {} { } {} {} {} {} {} {1.000}
E {   13} {s} {s} {4} {0} {}
E {   15} {u} {u} {16} {0} {}

R {   15} {0} {} {法堂二楼} { } {} {} {} {} {} {1.000}
E {   14} {d} {d} {32} {0} {}
