C 100

CE <078>
CR <178>
CP <138>

F 8

I 17

L * # # + # | + + # + - + + + + + x


R {    1} {0} {} {Ğ¡Ìü} { } {} {} {} {} {} {1.000}
E {    2} {s} {s} {4} {0} {}

R {    2} {0} {} {} { } {} {} {} {} {} {1.000}
E {    1} {n} {n} {1} {0} {}
E {    3} {e} {e} {2} {0} {}
E {    5} {s} {s} {4} {0} {}
E {   13} {w} {w} {8} {0} {}

R {    3} {0} {} {} { } {} {} {} {} {} {1.000}
E {    2} {w} {w} {8} {0} {}
E {    4} {enter} {enter} {128} {0} {}

R {    4} {8} {} {ÑİÎä¶´} { } {} {} {} {} {} {1.000}
E {    3} {out} {out} {64} {0} {}

R {    5} {0} {} {} { } {} {} {} {} {} {1.000}
E {    2} {n} {n} {1} {0} {}
E {    6} {s} {s} {4} {0} {}

R {    6} {0} {} {} { } {} {} {} {} {} {1.000}
E {    5} {n} {n} {1} {0} {}
E {    7} {s} {s} {4} {0} {}

R {    7} {0} {} {} { } {} {} {} {} {} {1.000}
E {    6} {n} {n} {1} {0} {}
E {    8} {w} {w} {8} {0} {}

R {    8} {0} {} {} { } {} {} {} {} {} {1.000}
E {    7} {e} {e} {2} {0} {}
E {    9} {n} {n} {1} {0} {}
E {   11} {w} {w} {8} {0} {}

R {    9} {0} {} {} { } {} {} {} {} {} {1.000}
E {    8} {s} {s} {4} {0} {}
E {   10} {n} {n} {1} {0} {}

R {   10} {0} {} {¹ÅÄ¹²àÊÒ} { } {} {} {} {} {} {1.000}
E {    9} {s} {s} {4} {0} {}

R {   11} {0} {} {} { } {} {} {} {} {} {1.000}
E {    8} {e} {e} {2} {0} {}
E {   12} {s} {s} {4} {0} {}

R {   12} {0} {} {ĞİÏ¢ÊÒ} { } {} {} {} {} {} {1.000}
E {   11} {n} {n} {1} {0} {}

R {   13} {0} {} {} { } {} {} {} {} {} {1.000}
E {    2} {e} {e} {2} {0} {}
E {   14} {n} {n} {1} {0} {}

R {   14} {0} {} {} { } {} {} {} {} {} {1.000}
E {   13} {s} {s} {4} {0} {}
E {   15} {n} {n} {1} {0} {}

R {   15} {0} {} {} { } {} {} {} {} {} {1.000}
E {   14} {s} {s} {4} {0} {}
E {   16} {n} {n} {1} {0} {}

R {   16} {0} {} {} { } {} {} {} {} {} {1.000}
E {   15} {s} {s} {4} {0} {}
E {   17} {n} {n} {1} {0} {}

R {   17} {0} {} {´óÌü} { } {} {} {} {} {} {1.000}
E {   16} {s} {s} {4} {0} {}
