C 100

CE <078>
CR <178>
CP <138>

F 0

I 1

L * # #  # |   #        x


R {    1} {0} {} {大理寺} { } {} {} {} {} {} {1.000}
E {    2} {e} {e} {2} {0} {}
E {    9} {se} {se} {6} {0} {}

R {    2} {0} {} {} { } {} {} {} {} {} {1.000}
E {    1} {w} {w} {8} {0} {}
E {    3} {nw} {northwest} {9} {0} {}

R {    3} {0} {} {} { } {} {} {} {} {} {1.000}
E {    2} {se} {se} {6} {0} {}
E {    4} {enter} {enter} {128} {0} {}

R {    4} {0} {} {} { } {} {} {} {} {} {1.000}
E {    3} {out} {out} {64} {0} {}
E {    5} {n} {n} {1} {0} {}

R {    5} {0} {} {} { } {} {} {} {} {} {1.000}
E {    4} {s} {s} {4} {0} {}
E {    6} {n} {n} {1} {0} {}
E {    7} {w} {w} {8} {0} {}
E {    8} {e} {e} {2} {0} {}

R {    6} {0} {} {学堂} { } {} {} {} {} {} {1.000}
E {    5} {s} {s} {4} {0} {}

R {    7} {0} {} {厢房} { } {} {} {} {} {} {1.000}
E {    5} {e} {e} {2} {0} {}

R {    8} {0} {} {厨房} { } {} {} {} {} {} {1.000}
E {    5} {w} {w} {8} {0} {}

R {    9} {0} {} {} { } {} {} {} {} {} {1.000}
E {    1} {nw} {nw} {9} {0} {}
E {   10} {s} {s} {4} {0} {}

R {   10} {0} {} {} { } {} {} {} {} {} {1.000}
E {    9} {n} {n} {1} {0} {}
E {   11} {s} {s} {4} {0} {}

R {   11} {0} {} {} { } {} {} {} {} {} {1.000}
E {   10} {n} {n} {1} {0} {}
E {   12} {e} {e} {2} {0} {}

R {   12} {0} {} {都亭驿} { } {} {} {} {} {} {1.000}
E {   11} {w} {w} {8} {0} {}
