C 50

CE <078>
CR <178>
CP <138>

F 1

I 21

L * # #  # |   #        x


R {    1} {0} {} {半山门} { } {} {} {} {} {}
E {    2} {west} {west} {8} {0} {}
E {    3} {northup} {northup} {17} {0} {}

R {    2} {0} {} {了望塔} { } {} {} {} {} {}
E {    1} {east} {east} {2} {0} {}

R {    3} {0} {} {3} { } {} {} {} {} {}
E {    1} {southdown} {southdown} {36} {0} {}
E {    4} {northup} {northup} {17} {0} {}

R {    4} {0} {} {4} { } {} {} {} {} {}
E {    3} {southdown} {southdown} {36} {0} {}
E {    5} {northup} {northup} {17} {0} {}

R {    5} {0} {} {山门} { } {} {} {} {} {}
E {    4} {southdown} {southdown} {36} {0} {}
E {    6} {south} {south} {4} {0} {}
E {    7} {west} {west} {8} {0} {}
E {    8} {east} {east} {2} {0} {}
E {    9} {north} {north} {1} {0} {}
E {   10} {northup} {northup} {17} {0} {}

R {    6} {0} {} {锐金坛} { } {} {} {} {} {}
E {    5} {north} {north} {1} {0} {}

R {    7} {0} {} {巨木坛} { } {} {} {} {} {}
E {    5} {east} {east} {2} {0} {}

R {    8} {0} {} {烈火坛} { } {} {} {} {} {}
E {    5} {west} {west} {8} {0} {}

R {    9} {0} {} {洪水坛} { } {} {} {} {} {}
E {    5} {south} {south} {4} {0} {}

R {   10} {0} {} {广场} { } {} {} {} {} {}
E {    5} {southdown} {southdown} {36} {0} {}
E {   11} {west} {west} {8} {0} {}
E {   12} {north} {north} {1} {0} {}

R {   11} {0} {} {大院} { } {} {} {} {} {}
E {   10} {east} {east} {2} {0} {}

R {   12} {0} {} {走廊} { } {} {} {} {} {}
E {   10} {south} {south} {4} {0} {}
E {   13} {west} {west} {8} {0} {}
E {   16} {east} {east} {2} {0} {}
E {   18} {north} {north} {1} {0} {}

R {   13} {0} {} {走廊2} { } {} {} {} {} {}
E {   12} {east} {east} {2} {0} {}
E {   14} {north} {north} {1} {0} {}
E {   15} {west} {west} {8} {0} {}

R {   14} {0} {} {休息室} { } {} {} {} {} {}
E {   13} {south} {south} {4} {0} {}

R {   15} {0} {} {饭厅} { } {} {} {} {} {}
E {   13} {east} {east} {2} {0} {}

R {   16} {0} {} {走廊3} { } {} {} {} {} {}
E {   12} {west} {west} {8} {0} {}
E {   17} {east} {east} {2} {0} {}

R {   17} {0} {} {练功房} { } {} {} {} {} {}
E {   16} {west} {west} {8} {0} {}

R {   18} {0} {} {明教大殿} { } {} {} {} {} {}
E {   12} {south} {south} {4} {0} {}
E {   19} {north} {north} {1} {0} {}
E {   34} {enter} {enter} {128} {0} {}

R {   19} {0} {} {后花园} { } {} {} {} {} {}
E {   18} {south} {south} {4} {0} {}
E {   20} {west} {west} {8} {0} {}
E {   25} {east} {east} {2} {0} {}

R {   20} {0} {} {后花园2} { } {} {} {} {} {}
E {   19} {east} {east} {2} {0} {}
E {   21} {north} {north} {1} {0} {}

R {   21} {0} {} {后山小路} { } {} {} {} {} {}
E {   20} {south} {south} {4} {0} {}
E {   22} {north} {north} {1} {0} {}

R {   22} {0} {} {22} { } {} {} {} {} {}
E {   21} {south} {south} {4} {0} {}
E {   23} {north} {north} {1} {0} {}

R {   23} {0} {} {23} { } {} {} {} {} {}
E {   22} {south} {south} {4} {0} {}
E {   24} {north} {north} {1} {0} {}

R {   24} {0} {} {碧水潭畔} { } {} {} {} {} {}
E {   23} {south} {south} {4} {0} {}

R {   25} {0} {} {后花园2} { } {} {} {} {} {}
E {   19} {west} {west} {8} {0} {}
E {   26} {northdown} {northdown} {33} {0} {}

R {   26} {0} {} {26} { } {} {} {} {} {}
E {   25} {southup} {southup} {20} {0} {}
E {   27} {northdown} {northdown} {33} {0} {}

R {   27} {0} {} {27} { } {} {} {} {} {}
E {   26} {southup} {southup} {20} {0} {}
E {   28} {northdown} {northdown} {33} {0} {}

R {   28} {0} {} {28} { } {} {} {} {} {}
E {   27} {southup} {southup} {20} {0} {}
E {   29} {north} {north} {1} {0} {}

R {   29} {0} {} {武场} { } {} {} {} {} {}
E {   28} {south} {south} {4} {0} {}
E {   30} {north} {open door;n} {1} {0} {}

R {   30} {0} {} {鹰王宫} { } {} {} {} {} {}
E {   29} {south} {south} {4} {0} {}
E {   31} {west} {west} {8} {0} {}
E {   32} {east} {east} {2} {0} {}
E {   33} {north} {north} {1} {0} {}

R {   31} {0} {} {天微堂} { } {} {} {} {} {}
E {   30} {east} {east} {2} {0} {}

R {   32} {0} {} {天市堂} { } {} {} {} {} {}
E {   30} {west} {west} {8} {0} {}

R {   33} {0} {} {紫微堂} { } {} {} {} {} {}
E {   30} {south} {south} {4} {0} {}

R {   34} {0} {} {圣火坛} { } {} {} {} {} {}
E {   18} {out} {out} {64} {0} {}
