C 50

CE <078>
CR <178>
CP <138>

F 1

I 21

L * # #  # |   #        x


R {    1} {0} {} {半山门} { } {} {} {} {} {}
E {    2} {w} {w} {8} {0} {}
E {    3} {nu} {nu} {17} {0} {}

R {    2} {0} {} {了望塔} { } {} {} {} {} {}
E {    1} {e} {e} {2} {0} {}

R {    3} {0} {} {3} { } {} {} {} {} {}
E {    1} {sd} {sd} {36} {0} {}
E {    4} {nu} {nu} {17} {0} {}

R {    4} {0} {} {4} { } {} {} {} {} {}
E {    3} {sd} {sd} {36} {0} {}
E {    5} {nu} {nu} {17} {0} {}

R {    5} {0} {} {山门} { } {} {} {} {} {}
E {    4} {sd} {sd} {36} {0} {}
E {    6} {s} {s} {4} {0} {}
E {    7} {w} {w} {8} {0} {}
E {    8} {e} {e} {2} {0} {}
E {    9} {n} {n} {1} {0} {}
E {   10} {nu} {nu} {17} {0} {}

R {    6} {0} {} {锐金坛} { } {} {} {} {} {}
E {    5} {n} {n} {1} {0} {}

R {    7} {0} {} {巨木坛} { } {} {} {} {} {}
E {    5} {e} {e} {2} {0} {}

R {    8} {0} {} {烈火坛} { } {} {} {} {} {}
E {    5} {w} {w} {8} {0} {}

R {    9} {0} {} {洪水坛} { } {} {} {} {} {}
E {    5} {s} {s} {4} {0} {}

R {   10} {0} {} {广场} { } {} {} {} {} {}
E {    5} {sd} {sd} {36} {0} {}
E {   11} {w} {w} {8} {0} {}
E {   12} {n} {n} {1} {0} {}

R {   11} {0} {} {大院} { } {} {} {} {} {}
E {   10} {e} {e} {2} {0} {}

R {   12} {0} {} {走廊} { } {} {} {} {} {}
E {   10} {s} {s} {4} {0} {}
E {   13} {w} {w} {8} {0} {}
E {   16} {e} {e} {2} {0} {}
E {   18} {n} {n} {1} {0} {}

R {   13} {0} {} {走廊2} { } {} {} {} {} {}
E {   12} {e} {e} {2} {0} {}
E {   14} {n} {n} {1} {0} {}
E {   15} {w} {w} {8} {0} {}

R {   14} {0} {} {休息室} { } {} {} {} {} {}
E {   13} {s} {s} {4} {0} {}

R {   15} {0} {} {饭厅} { } {} {} {} {} {}
E {   13} {e} {e} {2} {0} {}

R {   16} {0} {} {走廊3} { } {} {} {} {} {}
E {   12} {w} {w} {8} {0} {}
E {   17} {e} {e} {2} {0} {}

R {   17} {0} {} {练功房} { } {} {} {} {} {}
E {   16} {w} {w} {8} {0} {}

R {   18} {0} {} {明教大殿} { } {} {} {} {} {}
E {   12} {s} {s} {4} {0} {}
E {   19} {n} {n} {1} {0} {}
E {   34} {enter} {enter} {128} {0} {}

R {   19} {0} {} {后花园} { } {} {} {} {} {}
E {   18} {s} {s} {4} {0} {}
E {   20} {w} {w} {8} {0} {}
E {   25} {e} {e} {2} {0} {}

R {   20} {0} {} {后花园2} { } {} {} {} {} {}
E {   19} {e} {e} {2} {0} {}
E {   21} {n} {n} {1} {0} {}

R {   21} {0} {} {后山小路} { } {} {} {} {} {}
E {   20} {s} {s} {4} {0} {}
E {   22} {n} {n} {1} {0} {}

R {   22} {0} {} {22} { } {} {} {} {} {}
E {   21} {s} {s} {4} {0} {}
E {   23} {n} {n} {1} {0} {}

R {   23} {0} {} {23} { } {} {} {} {} {}
E {   22} {s} {s} {4} {0} {}
E {   24} {n} {n} {1} {0} {}

R {   24} {0} {} {碧水潭畔} { } {} {} {} {} {}
E {   23} {s} {s} {4} {0} {}

R {   25} {0} {} {后花园2} { } {} {} {} {} {}
E {   19} {w} {w} {8} {0} {}
E {   26} {nd} {nd} {33} {0} {}

R {   26} {0} {} {26} { } {} {} {} {} {}
E {   25} {su} {su} {20} {0} {}
E {   27} {nd} {nd} {33} {0} {}

R {   27} {0} {} {27} { } {} {} {} {} {}
E {   26} {su} {su} {20} {0} {}
E {   28} {nd} {nd} {33} {0} {}

R {   28} {0} {} {28} { } {} {} {} {} {}
E {   27} {su} {su} {20} {0} {}
E {   29} {n} {n} {1} {0} {}

R {   29} {0} {} {武场} { } {} {} {} {} {}
E {   28} {s} {s} {4} {0} {}
E {   30} {n} {open door;n} {1} {0} {}

R {   30} {0} {} {鹰王宫} { } {} {} {} {} {}
E {   29} {s} {s} {4} {0} {}
E {   31} {w} {w} {8} {0} {}
E {   32} {e} {e} {2} {0} {}
E {   33} {n} {n} {1} {0} {}

R {   31} {0} {} {天微堂} { } {} {} {} {} {}
E {   30} {e} {e} {2} {0} {}

R {   32} {0} {} {天市堂} { } {} {} {} {} {}
E {   30} {w} {w} {8} {0} {}

R {   33} {0} {} {紫微堂} { } {} {} {} {} {}
E {   30} {s} {s} {4} {0} {}

R {   34} {0} {} {圣火坛} { } {} {} {} {} {}
E {   18} {out} {out} {64} {0} {}
