C 100

CE <078>
CR <178>
CP <138>

F 1

I 96

L * # # # | # x          


R {    1} {0} {} {方丈楼} { } {} {} {} {} {}
E {    2} {w} {w} {8} {0} {}
E {    8} {e} {e} {2} {0} {}
E {    6} {n} {n} {1} {0} {}
E {   24} {s} {s} {4} {0} {}
E {   92} {u} {u} {16} {0} {}

R {    2} {0} {} {2} { } {} {} {} {} {}
E {    1} {e} {e} {2} {0} {}
E {    3} {w} {w} {8} {0} {}
E {    5} {n} {n} {1} {0} {}
E {   25} {s} {s} {4} {0} {}

R {    3} {0} {} {3} { } {} {} {} {} {}
E {    2} {e} {e} {2} {0} {}
E {    4} {n} {n} {1} {0} {}
E {   32} {sd} {sd} {36} {0} {}

R {    4} {0} {} {4} { } {} {} {} {} {}
E {    3} {s} {s} {4} {0} {}
E {    5} {e} {e} {2} {0} {}
E {   23} {n} {n} {1} {0} {}

R {    5} {0} {} {和尚院四部} { } {} {} {} {} {}
E {    4} {w} {w} {8} {0} {}
E {    6} {e} {e} {2} {0} {}
E {    2} {s} {s} {4} {0} {}
E {   20} {n} {n} {1} {0} {}

R {    6} {0} {} {练武场} { } {} {} {} {} {}
E {    5} {w} {w} {8} {0} {}
E {    7} {e} {e} {2} {0} {}
E {    1} {s} {s} {4} {0} {}
E {   18} {n} {n} {1} {0} {}
E {   84} {nu} {nu} {17} {0} {}

R {    7} {0} {} {和尚院一部} { } {} {} {} {} {}
E {    6} {w} {w} {8} {0} {}
E {    8} {s} {s} {4} {0} {}

R {    8} {0} {} {8} { } {} {} {} {} {}
E {    7} {n} {n} {1} {0} {}
E {    1} {w} {w} {8} {0} {}
E {    9} {e} {e} {2} {0} {}
E {   26} {s} {s} {4} {0} {}

R {    9} {0} {} {9} { } {} {} {} {} {}
E {    8} {w} {w} {8} {0} {}
E {   10} {n} {n} {1} {0} {}
E {   41} {sd} {sd} {36} {0} {}

R {   10} {0} {} {10} { } {} {} {} {} {}
E {    9} {s} {s} {4} {0} {}
E {   11} {n} {n} {1} {0} {}

R {   11} {0} {} {11} { } {} {} {} {} {}
E {   10} {s} {s} {4} {0} {}
E {   14} {n} {n} {1} {0} {}
E {   15} {e} {e} {2} {0} {}

R {   12} {16} {} {地藏殿} { } {} {} {} {} {}
E {   18} {e} {e} {2} {0} {}

R {   13} {0} {} {和尚院三部} { } {} {} {} {} {}
E {   14} {e} {e} {2} {0} {}

R {   14} {0} {} {14} { } {} {} {} {} {}
E {   13} {w} {w} {8} {0} {}
E {   11} {s} {s} {4} {0} {}

R {   15} {0} {} {武器库} { } {} {} {} {} {}
E {   11} {w} {w} {8} {0} {}
E {   16} {n} {n} {1} {0} {}

R {   16} {0} {} {防具库} { } {} {} {} {} {}
E {   15} {s} {s} {4} {0} {}
E {   17} {n} {n} {1} {0} {}

R {   17} {0} {} {药品库} { } {} {} {} {} {}
E {   16} {s} {s} {4} {0} {}

R {   18} {0} {} {广场3} { } {} {} {} {} {}
E {    6} {s} {s} {4} {0} {}
E {   12} {w} {w} {8} {0} {}
E {   19} {e} {e} {2} {0} {}
E {   89} {nu} {nu} {17} {0} {}

R {   19} {16} {} {白衣殿} { } {} {} {} {} {}
E {   18} {w} {w} {8} {0} {}

R {   20} {0} {} {和尚院五部} { } {} {} {} {} {}
E {    5} {s} {s} {4} {0} {}
E {   21} {n} {n} {1} {0} {}
E {   23} {w} {w} {8} {0} {}

R {   21} {0} {} {和尚院六部} { } {} {} {} {} {}
E {   20} {s} {s} {4} {0} {}
E {   22} {w} {w} {8} {0} {}

R {   22} {0} {} {22} { } {} {} {} {} {}
E {   21} {e} {e} {2} {0} {}
E {   23} {s} {s} {4} {0} {}

R {   23} {0} {} {23} { } {} {} {} {} {}
E {   22} {n} {n} {1} {0} {}
E {   20} {e} {e} {2} {0} {}
E {    4} {s} {s} {4} {0} {}

R {   24} {0} {} {练武场} { } {} {} {} {} {}
E {    1} {n} {n} {1} {0} {}
E {   25} {w} {w} {8} {0} {}
E {   26} {e} {e} {2} {0} {}
E {   27} {s} {s} {4} {0} {}

R {   25} {16} {} {25} { } {} {} {} {} {}
E {   24} {e} {e} {2} {0} {}
E {    2} {n} {n} {1} {0} {}
E {   28} {s} {s} {4} {0} {}
E {   25} {} {} {0} {0} {}
E {   36} {w} {w} {8} {0} {}

R {   26} {16} {} {26} { } {} {} {} {} {}
E {   24} {w} {w} {8} {0} {}
E {    8} {n} {n} {1} {0} {}
E {   30} {s} {s} {4} {0} {}
E {   45} {e} {e} {2} {0} {}

R {   27} {0} {} {后殿} { } {} {} {} {} {}
E {   24} {n} {n} {1} {0} {}
E {   28} {w} {w} {8} {0} {}
E {   30} {e} {e} {2} {0} {}
E {   50} {sd} {sd} {36} {0} {}

R {   28} {0} {} {28} { } {} {} {} {} {}
E {   27} {e} {e} {2} {0} {}
E {   25} {n} {n} {1} {0} {}
E {   29} {w} {w} {8} {0} {}

R {   29} {0} {} {29} { } {} {} {} {} {}
E {   28} {e} {e} {2} {0} {}
E {   40} {n} {n} {1} {0} {}

R {   30} {0} {} {30} { } {} {} {} {} {}
E {   27} {w} {w} {8} {0} {}
E {   31} {e} {e} {2} {0} {}
E {   26} {n} {n} {1} {0} {}

R {   31} {0} {} {31} { } {} {} {} {} {}
E {   30} {w} {w} {8} {0} {}
E {   49} {n} {n} {1} {0} {}

R {   32} {0} {} {般若堂九部} { } {} {} {} {} {}
E {    3} {nu} {nu} {17} {0} {}
E {   33} {s} {s} {4} {0} {}

R {   33} {0} {} {般若堂八部} { } {} {} {} {} {}
E {   32} {n} {n} {1} {0} {}
E {   34} {s} {s} {4} {0} {}

R {   34} {0} {} {般若堂七部} { } {} {} {} {} {}
E {   33} {n} {n} {1} {0} {}
E {   35} {s} {s} {4} {0} {}

R {   35} {0} {} {般若堂六部} { } {} {} {} {} {}
E {   34} {n} {n} {1} {0} {}
E {   36} {s} {s} {4} {0} {}

R {   36} {0} {} {般若堂五部} { } {} {} {} {} {}
E {   35} {n} {n} {1} {0} {}
E {   37} {s} {s} {4} {0} {}
E {   25} {e} {e} {2} {0} {}

R {   37} {0} {} {般若堂四部} { } {} {} {} {} {}
E {   36} {n} {n} {1} {0} {}
E {   38} {s} {s} {4} {0} {}

R {   38} {0} {} {般若堂三部} { } {} {} {} {} {}
E {   37} {n} {n} {1} {0} {}
E {   39} {s} {s} {4} {0} {}

R {   39} {0} {} {般若堂二部} { } {} {} {} {} {}
E {   38} {n} {n} {1} {0} {}
E {   40} {s} {s} {4} {0} {}

R {   40} {0} {} {般若堂一部} { } {} {} {} {} {}
E {   39} {n} {n} {1} {0} {}
E {   29} {s} {s} {4} {0} {}

R {   41} {0} {} {罗汉堂九部} { } {} {} {} {} {}
E {    9} {nu} {nu} {17} {0} {}
E {   42} {s} {s} {4} {0} {}

R {   42} {0} {} {罗汉堂八部} { } {} {} {} {} {}
E {   41} {n} {n} {1} {0} {}
E {   43} {s} {s} {4} {0} {}

R {   43} {0} {} {罗汉堂七部} { } {} {} {} {} {}
E {   42} {n} {n} {1} {0} {}
E {   44} {s} {s} {4} {0} {}

R {   44} {0} {} {罗汉堂六部} { } {} {} {} {} {}
E {   43} {n} {n} {1} {0} {}
E {   45} {s} {s} {4} {0} {}

R {   45} {0} {} {罗汉堂五部} { } {} {} {} {} {}
E {   44} {n} {n} {1} {0} {}
E {   46} {s} {s} {4} {0} {}
E {   26} {w} {w} {8} {0} {}

R {   46} {0} {} {罗汉堂四部} { } {} {} {} {} {}
E {   45} {n} {n} {1} {0} {}
E {   47} {s} {s} {4} {0} {}

R {   47} {0} {} {罗汉堂三部} { } {} {} {} {} {}
E {   46} {n} {n} {1} {0} {}
E {   48} {s} {s} {4} {0} {}

R {   48} {0} {} {罗汉堂二部} { } {} {} {} {} {}
E {   47} {n} {n} {1} {0} {}
E {   49} {s} {s} {4} {0} {}

R {   49} {0} {} {罗汉堂一部} { } {} {} {} {} {}
E {   48} {n} {n} {1} {0} {}
E {   31} {s} {s} {4} {0} {}

R {   50} {0} {} {精进场} { } {} {} {} {} {}
E {   27} {nu} {nu} {17} {0} {}
E {   51} {s} {s} {4} {0} {}

R {   51} {0} {} {勤修场} { } {} {} {} {} {}
E {   50} {n} {n} {1} {0} {}
E {   52} {e} {e} {2} {0} {}
E {   53} {w} {w} {8} {0} {}
E {   57} {s} {s} {4} {0} {}

R {   52} {0} {} {天井} { } {} {} {} {} {}
E {   51} {w} {w} {8} {0} {}

R {   53} {0} {} {斋厅} { } {} {} {} {} {}
E {   51} {e} {e} {2} {0} {}
E {   54} {n} {n} {1} {0} {}

R {   54} {0} {} {54} { } {} {} {} {} {}
E {   53} {s} {s} {4} {0} {}
E {   55} {n} {n} {1} {0} {}

R {   55} {0} {} {厨房} { } {} {} {} {} {}
E {   54} {s} {s} {4} {0} {}
E {   56} {w} {w} {8} {0} {}

R {   56} {0} {} {厨房后院} { } {} {} {} {} {}
E {   55} {e} {e} {2} {0} {}

R {   57} {0} {} {广场2} { } {} {} {} {} {}
E {   51} {n} {n} {1} {0} {}
E {   58} {nu} {nu} {17} {0} {}
E {   61} {s} {s} {4} {0} {}
E {   59} {w} {w} {8} {0} {}
E {   60} {e} {e} {2} {0} {}

R {   58} {0} {} {大雄宝殿} { } {} {} {} {} {}
E {   57} {sd} {sd} {36} {0} {}

R {   59} {0} {} {鼓楼小院} { } {} {} {} {} {}
E {   57} {e} {e} {2} {0} {}
E {   72} {enter} {enter} {128} {0} {}

R {   60} {0} {} {钟楼小院} { } {} {} {} {} {}
E {   57} {w} {w} {8} {0} {}
E {   78} {enter} {enter} {128} {0} {}

R {   61} {0} {} {天王殿} { } {} {} {} {} {}
E {   57} {n} {n} {1} {0} {}
E {   62} {w} {w} {8} {0} {}
E {   63} {e} {e} {2} {0} {}
E {   64} {sd} {sd} {36} {0} {}

R {   62} {0} {} {西侧殿} { } {} {} {} {} {}
E {   61} {e} {e} {2} {0} {}

R {   63} {0} {} {东侧殿} { } {} {} {} {} {}
E {   61} {w} {w} {8} {0} {}

R {   64} {0} {} {64} { } {} {} {} {} {}
E {   61} {nu} {nu} {17} {0} {}
E {   65} {w} {w} {8} {0} {}
E {   66} {e} {e} {2} {0} {}
E {   67} {s} {s} {4} {0} {}

R {   65} {0} {} {西碑林} { } {} {} {} {} {}
E {   64} {e} {e} {2} {0} {}

R {   66} {0} {} {东碑林} { } {} {} {} {} {}
E {   64} {w} {w} {8} {0} {}

R {   67} {0} {} {山门殿} { } {} {} {} {} {}
E {   64} {n} {n} {1} {0} {}
E {   68} {w} {w} {8} {0} {}
E {   69} {e} {e} {2} {0} {}
E {   70} {s} {open gate;s} {4} {0} {}

R {   68} {0} {} {西侧殿} { } {} {} {} {} {}
E {   67} {e} {e} {2} {0} {}

R {   69} {0} {} {69} { } {} {} {} {} {}
E {   67} {w} {w} {8} {0} {}

R {   70} {0} {} {广场} { } {} {} {} {} {}
E {   67} {n} {knock gate;n} {1} {0} {}

R {   71} {0} {} {71} { } {} {} {} {} {}

R {   72} {0} {} {鼓楼一层} { } {} {} {} {} {}
E {   59} {out} {out} {64} {0} {}
E {   73} {u} {u} {16} {0} {}

R {   73} {0} {} {鼓楼二层} { } {} {} {} {} {}
E {   72} {d} {d} {32} {0} {}
E {   74} {u} {u} {16} {0} {}

R {   74} {0} {} {鼓楼三层} { } {} {} {} {} {}
E {   73} {d} {d} {32} {0} {}
E {   75} {u} {u} {16} {0} {}

R {   75} {0} {} {鼓楼四层} { } {} {} {} {} {}
E {   74} {d} {d} {32} {0} {}
E {   76} {u} {u} {16} {0} {}

R {   76} {0} {} {鼓楼五层} { } {} {} {} {} {}
E {   75} {d} {d} {32} {0} {}
E {   77} {u} {u} {16} {0} {}

R {   77} {0} {} {鼓楼六层} { } {} {} {} {} {}
E {   76} {d} {d} {32} {0} {}
E {   87} {u} {u} {16} {0} {}

R {   78} {0} {} {钟楼一层} { } {} {} {} {} {}
E {   60} {out} {out} {64} {0} {}
E {   79} {u} {u} {16} {0} {}

R {   79} {0} {} {钟楼二层} { } {} {} {} {} {}
E {   78} {d} {d} {32} {0} {}
E {   80} {u} {u} {16} {0} {}

R {   80} {0} {} {钟楼三层} { } {} {} {} {} {}
E {   79} {d} {d} {32} {0} {}
E {   81} {u} {u} {16} {0} {}

R {   81} {0} {} {钟楼四层} { } {} {} {} {} {}
E {   80} {d} {d} {32} {0} {}
E {   82} {u} {u} {16} {0} {}

R {   82} {0} {} {钟楼五层} { } {} {} {} {} {}
E {   81} {d} {d} {32} {0} {}
E {   83} {u} {u} {16} {0} {}

R {   83} {0} {} {钟楼六层} { } {} {} {} {} {}
E {   82} {d} {d} {32} {0} {}
E {   88} {u} {u} {16} {0} {}

R {   84} {0} {} {达摩院} { } {} {} {} {} {}
E {    6} {sd} {sd} {36} {0} {}
E {   85} {up} {up} {0} {0} {}

R {   85} {0} {} {达摩院二楼} { } {} {} {} {} {}
E {   84} {d} {d} {32} {0} {}
E {   86} {n} {n} {1} {0} {}

R {   86} {0} {} {禅院} { } {} {} {} {} {}
E {   85} {s} {s} {4} {0} {}

R {   87} {0} {} {鼓楼七层} { } {} {} {} {} {}
E {   77} {d} {d} {32} {0} {}

R {   88} {0} {} {钟楼七层} { } {} {} {} {} {}
E {   83} {d} {d} {32} {0} {}

R {   89} {0} {} {千佛殿} { } {} {} {} {} {}
E {   18} {sd} {sd} {36} {0} {}
E {   90} {n} {open door; n} {1} {0} {}

R {   90} {0} {} {竹林} { } {} {} {} {} {}
E {   89} {s} {s} {4} {0} {}
E {   91} {enter} {n;sw;se;n;s;w;e;#delay {0.5} {w;e;e;s;w;n;nw;n;}} {128} {0} {}

R {   91} {0} {} {达摩洞} { } {} {} {} {} {}
E {   90} {out} {out} {64} {0} {}
E {   94} {enter} {enter} {128} {0} {}

R {   92} {0} {} {茶室} { } {} {} {} {} {}
E {    1} {d} {d} {32} {0} {}
E {   93} {n} {n} {1} {0} {}

R {   93} {0} {} {方丈室} { } {} {} {} {} {}
E {   92} {s} {s} {4} {0} {}

R {   94} {0} {} {94} { } {} {} {} {} {}
E {   91} {out} {out} {64} {0} {}
E {   95} {n} {n} {1} {0} {}

R {   95} {0} {} {95} { } {} {} {} {} {}
E {   94} {s} {s} {4} {0} {}
E {   96} {n} {n} {1} {0} {}

R {   96} {0} {} {达摩禅房} { } {} {} {} {} {}
E {   95} {s} {s} {4} {0} {}
