C 100

CE <078>
CR <178>
CP <138>

F 1

I 1

L * # #  # |   #        x


R {    1} {0} {} {武当广场} { } {} {} {} {} {} {1.000}
E {    2} {north} {north} {1} {0} {}
E {   13} {southdown} {southdown} {36} {0} {}

R {    2} {0} {} {} { } {} {} {} {} {} {1.000}
E {    1} {south} {south} {4} {0} {}
E {    3} {east} {east} {2} {0} {}
E {    5} {west} {west} {8} {0} {}
E {    7} {north} {north} {1} {0} {}

R {    3} {0} {} {} { } {} {} {} {} {} {1.000}
E {    2} {west} {west} {8} {0} {}
E {    4} {east} {east} {2} {0} {}

R {    4} {0} {} {客房} { } {} {} {} {} {} {1.000}
E {    3} {west} {west} {8} {0} {}

R {    5} {0} {} {} { } {} {} {} {} {} {1.000}
E {    2} {east} {east} {2} {0} {}
E {    6} {west} {west} {8} {0} {}

R {    6} {0} {} {} { } {} {} {} {} {} {1.000}
E {    5} {east} {east} {2} {0} {}

R {    7} {0} {} {} { } {} {} {} {} {} {1.000}
E {    2} {south} {south} {4} {0} {}
E {    8} {west} {west} {8} {0} {}
E {   11} {north} {north} {1} {0} {}

R {    8} {0} {} {} { } {} {} {} {} {} {1.000}
E {    7} {east} {east} {2} {0} {}
E {    9} {west} {west} {8} {0} {}

R {    9} {0} {} {静修阁} { } {} {} {} {} {} {1.000}
E {    8} {east} {east} {2} {0} {}
E {   10} {up} {up} {16} {0} {}

R {   10} {0} {} {静修阁二楼} { } {} {} {} {} {} {1.000}
E {    9} {down} {down} {32} {0} {}

R {   11} {0} {} {} { } {} {} {} {} {} {1.000}
E {    7} {south} {south} {4} {0} {}
E {   12} {north} {north} {1} {0} {}

R {   12} {0} {} {} { } {} {} {} {} {} {1.000}
E {   11} {south} {south} {4} {0} {}
E {   19} {west} {west} {8} {0} {}

R {   13} {0} {} {} { } {} {} {} {} {} {1.000}
E {    1} {northup} {northup} {17} {0} {}
E {   14} {westup} {westup} {24} {0} {}

R {   14} {0} {} {} { } {} {} {} {} {} {1.000}
E {   13} {eastdown} {eastdown} {34} {0} {}
E {   15} {westup} {westup} {24} {0} {}

R {   15} {0} {} {} { } {} {} {} {} {} {1.000}
E {   14} {eastdown} {eastdown} {34} {0} {}
E {   16} {northup} {northup} {17} {0} {}

R {   16} {0} {} {} { } {} {} {} {} {} {1.000}
E {   15} {southdown} {southdown} {36} {0} {}
E {   17} {westup} {westup} {24} {0} {}

R {   17} {0} {} {} { } {} {} {} {} {} {1.000}
E {   16} {eastdown} {eastdown} {34} {0} {}
E {   18} {northup} {northup} {17} {0} {}

R {   18} {0} {} {} { } {} {} {} {} {} {1.000}
E {   17} {southdown} {southdown} {36} {0} {}

R {   19} {0} {} {} { } {} {} {} {} {} {1.000}
E {   12} {east} {east} {2} {0} {}
E {   20} {west} {west} {8} {0} {}

R {   20} {0} {} {} { } {} {} {} {} {} {1.000}
E {   19} {east} {east} {2} {0} {}
E {   21} {west} {w;sw;s;se;e;ne;n;nw;sw;s;e;set brief 2;open door;n} {8} {0} {}

R {   21} {8} {} {小屋} { } {} {} {} {} {} {1.000}
E {   20} {east} {s;w;n;ne;se;w} {2} {0} {}
