C 100

CE <078>
CR <178>
CP <138>

F 1

I 1

L * # #  # |   #        x


R {    1} {0} {} {武当广场} { } {} {} {} {} {} {1.000}
E {    2} {n} {n} {1} {0} {}
E {   13} {sd} {sd} {36} {0} {}

R {    2} {0} {} {} { } {} {} {} {} {} {1.000}
E {    1} {s} {s} {4} {0} {}
E {    3} {e} {e} {2} {0} {}
E {    5} {w} {w} {8} {0} {}
E {    7} {n} {n} {1} {0} {}

R {    3} {0} {} {} { } {} {} {} {} {} {1.000}
E {    2} {w} {w} {8} {0} {}
E {    4} {e} {e} {2} {0} {}

R {    4} {0} {} {客房} { } {} {} {} {} {} {1.000}
E {    3} {w} {w} {8} {0} {}

R {    5} {0} {} {} { } {} {} {} {} {} {1.000}
E {    2} {e} {e} {2} {0} {}
E {    6} {w} {w} {8} {0} {}

R {    6} {0} {} {} { } {} {} {} {} {} {1.000}
E {    5} {e} {e} {2} {0} {}

R {    7} {0} {} {} { } {} {} {} {} {} {1.000}
E {    2} {s} {s} {4} {0} {}
E {    8} {w} {w} {8} {0} {}
E {   11} {n} {n} {1} {0} {}

R {    8} {0} {} {} { } {} {} {} {} {} {1.000}
E {    7} {e} {e} {2} {0} {}
E {    9} {w} {w} {8} {0} {}

R {    9} {0} {} {静修阁} { } {} {} {} {} {} {1.000}
E {    8} {e} {e} {2} {0} {}
E {   10} {u} {u} {16} {0} {}

R {   10} {0} {} {静修阁二楼} { } {} {} {} {} {} {1.000}
E {    9} {d} {d} {32} {0} {}

R {   11} {0} {} {} { } {} {} {} {} {} {1.000}
E {    7} {s} {s} {4} {0} {}
E {   12} {n} {n} {1} {0} {}

R {   12} {0} {} {} { } {} {} {} {} {} {1.000}
E {   11} {s} {s} {4} {0} {}
E {   19} {w} {w} {8} {0} {}

R {   13} {0} {} {} { } {} {} {} {} {} {1.000}
E {    1} {nu} {nu} {17} {0} {}
E {   14} {wu} {wu} {24} {0} {}

R {   14} {0} {} {} { } {} {} {} {} {} {1.000}
E {   13} {ed} {ed} {34} {0} {}
E {   15} {wu} {wu} {24} {0} {}

R {   15} {0} {} {} { } {} {} {} {} {} {1.000}
E {   14} {ed} {ed} {34} {0} {}
E {   16} {nu} {nu} {17} {0} {}

R {   16} {0} {} {} { } {} {} {} {} {} {1.000}
E {   15} {sd} {sd} {36} {0} {}
E {   17} {wu} {wu} {24} {0} {}

R {   17} {0} {} {} { } {} {} {} {} {} {1.000}
E {   16} {ed} {ed} {34} {0} {}
E {   18} {nu} {nu} {17} {0} {}

R {   18} {0} {} {} { } {} {} {} {} {} {1.000}
E {   17} {sd} {sd} {36} {0} {}

R {   19} {0} {} {} { } {} {} {} {} {} {1.000}
E {   12} {e} {e} {2} {0} {}
E {   20} {w} {w} {8} {0} {}

R {   20} {0} {} {} { } {} {} {} {} {} {1.000}
E {   19} {e} {e} {2} {0} {}
E {   21} {w} {w;sw;s;se;e;ne;n;nw;sw;s;e;set brief 2;open door;n} {8} {0} {}

R {   21} {8} {} {小屋} { } {} {} {} {} {} {1.000}
E {   20} {e} {s;w;n;ne;se;w} {2} {0} {}
