C 100

CE <078>
CR <178>
CP <138>

F 0

I 41

L * # # # | # x          


R {    1} {0} {} {巨岩} { } {} {} {} {} {}
E {    2} {north} {north} {1} {0} {}

R {    2} {0} {} {湖泊} { } {} {} {} {} {}
E {    1} {south} {south} {4} {0} {}
E {    3} {northdown} {northdown} {33} {0} {}
E {   17} {northup} {northup} {17} {0} {}

R {    3} {0} {} {星宿海} { } {} {} {} {} {}
E {    2} {southup} {southup} {20} {0} {}
E {    4} {north} {north} {1} {0} {}

R {    4} {0} {} {} { } {} {} {} {} {}
E {    3} {south} {south} {4} {0} {}
E {    5} {north} {north} {1} {0} {}
E {   39} {northeast} {northeast} {3} {0} {}

R {    5} {0} {} {日月洞} { } {} {} {} {} {}
E {    4} {south} {south} {4} {0} {}
E {    6} {north} {juan zhulian} {1} {0} {}

R {    6} {0} {} {} { } {} {} {} {} {}
E {    5} {south} {south} {4} {0} {}
E {    7} {east} {east} {2} {0} {}

R {    7} {0} {} {} { } {} {} {} {} {}
E {    6} {west} {west} {8} {0} {}
E {    8} {eastup} {eastup} {18} {0} {}

R {    8} {0} {} {} { } {} {} {} {} {}
E {    7} {westdown} {westdown} {40} {0} {}
E {    9} {eastdown} {eastdown} {34} {0} {}
E {   27} {northdown} {northdown} {33} {0} {}

R {    9} {0} {} {} { } {} {} {} {} {}
E {    8} {westup} {westup} {24} {0} {}
E {   10} {east} {east} {2} {0} {}

R {   10} {0} {} {碎石路} { } {} {} {} {} {}
E {    9} {west} {west} {8} {0} {}
E {   11} {southeast} {southeast} {6} {0} {}

R {   11} {0} {} {} { } {} {} {} {} {}
E {   10} {northwest} {northwest} {9} {0} {}
E {   12} {east} {east} {2} {0} {}

R {   12} {0} {} {} { } {} {} {} {} {}
E {   11} {west} {west} {8} {0} {}
E {   13} {north} {north} {1} {0} {}

R {   13} {0} {} {天秀宫} { } {} {} {} {} {}
E {   12} {south} {south} {4} {0} {}
E {   14} {enter} {enter} {128} {0} {}
E {   38} {north} {north} {1} {0} {}

R {   14} {0} {} {内殿} { } {} {} {} {} {}
E {   13} {out} {out} {64} {0} {}
E {   15} {north} {north} {1} {0} {}
E {   16} {east} {east} {2} {0} {}

R {   15} {16} {} {左内殿} { } {} {} {} {} {}
E {   14} {south} {south} {4} {0} {}

R {   16} {0} {} {石壁} { } {} {} {} {} {}
E {   14} {west} {west} {8} {0} {}

R {   17} {0} {} {} { } {} {} {} {} {}
E {    2} {southdown} {southdown} {36} {0} {}
E {   18} {north} {north} {1} {0} {}

R {   18} {0} {} {} { } {} {} {} {} {}
E {   17} {south} {south} {4} {0} {}
E {   19} {north} {north} {1} {0} {}

R {   19} {0} {} {} { } {} {} {} {} {}
E {   18} {south} {south} {4} {0} {}
E {   20} {west} {west} {8} {0} {}

R {   20} {0} {} {} { } {} {} {} {} {}
E {   19} {east} {east} {2} {0} {}
E {   21} {west} {west} {8} {0} {}

R {   21} {0} {} {} { } {} {} {} {} {}
E {   20} {east} {east} {2} {0} {}
E {   22} {north} {north} {1} {0} {}

R {   22} {0} {} {} { } {} {} {} {} {}
E {   21} {south} {south} {4} {0} {}
E {   23} {north} {north} {1} {0} {}

R {   23} {0} {} {山谷口} { } {} {} {} {} {}
E {   22} {south} {south} {4} {0} {}

R {   24} {16} {} {密室2} { } {} {} {} {} {}
E {   25} {west} {west} {8} {0} {}
E {   26} {east} {east} {2} {0} {}
E {   38} {out} {out} {64} {0} {}

R {   25} {0} {} {密室1} { } {} {} {} {} {}
E {   24} {east} {east} {2} {0} {}

R {   26} {0} {} {密室3} { } {} {} {} {} {}
E {   24} {west} {west} {8} {0} {}

R {   27} {0} {} {} { } {} {} {} {} {}
E {    8} {southup} {southup} {20} {0} {}
E {   28} {north} {north} {1} {0} {}

R {   28} {0} {} {} { } {} {} {} {} {}
E {   27} {south} {south} {4} {0} {}
E {   29} {north} {north} {1} {0} {}

R {   29} {0} {} {山林6} { } {} {} {} {} {}
E {   28} {south} {south} {4} {0} {}
E {   30} {west} {west} {8} {0} {}
E {   33} {north} {north} {1} {0} {}
E {   35} {east} {east} {2} {0} {}

R {   30} {0} {} {山林3} { } {} {} {} {} {}
E {   29} {east} {east} {2} {0} {}
E {   31} {north} {north} {1} {0} {}

R {   31} {0} {} {山林2} { } {} {} {} {} {}
E {   30} {south} {south} {4} {0} {}
E {   32} {north} {north} {1} {0} {}
E {   33} {east} {east} {2} {0} {}

R {   32} {0} {} {山林1} { } {} {} {} {} {}
E {   31} {south} {south} {4} {0} {}
E {   34} {east} {east} {2} {0} {}

R {   33} {0} {} {山林5} { } {} {} {} {} {}
E {   29} {south} {south} {4} {0} {}
E {   34} {north} {north} {1} {0} {}
E {   31} {west} {west} {8} {0} {}
E {   36} {east} {east} {2} {0} {}

R {   34} {0} {} {山林4} { } {} {} {} {} {}
E {   33} {south} {south} {4} {0} {}
E {   32} {west} {west} {8} {0} {}
E {   37} {east} {east} {2} {0} {}

R {   35} {0} {} {山林9} { } {} {} {} {} {}
E {   29} {west} {west} {8} {0} {}
E {   36} {north} {north} {1} {0} {}

R {   36} {0} {} {山林8} { } {} {} {} {} {}
E {   35} {south} {south} {4} {0} {}
E {   37} {north} {north} {1} {0} {}
E {   33} {west} {west} {8} {0} {}

R {   37} {0} {} {山林7} { } {} {} {} {} {}
E {   36} {south} {south} {4} {0} {}
E {   34} {west} {west} {8} {0} {}

R {   38} {0} {} {} { } {} {} {} {} {}
E {   13} {south} {south} {4} {0} {}
E {   24} {enter} {enter} {128} {0} {}

R {   39} {0} {} {39} { } {} {} {} {} {}
E {    4} {southwest} {southwest} {12} {0} {}
E {   40} {eastup} {eastup} {18} {0} {}

R {   40} {0} {} {40} { } {} {} {} {} {}
E {   39} {westdown} {westdown} {40} {0} {}
E {   41} {enter} {enter cave} {128} {0} {}

R {   41} {0} {} {山洞} { } {} {} {} {} {}
E {   40} {out} {out} {64} {0} {}
E {   42} {enter} {use fire; use fire; use fire; use fire; zuan} {128} {0} {}

R {   42} {0} {} {石棺} { } {} {} {} {} {}
E {   41} {out} {use fire; use fire; use fire; use fire; zuan} {64} {0} {}
