C 15000

CE <078>
CR <178>
CP <138>

F 11

I 114

L * # # + # | + + # + - + + + + + x


R {    1} {0} {} {客店} { } {} {} {}
E {    2} {u} {u} {16} {0}
E {    3} {w} {w} {8} {0}

R {    2} {0} {} {2} { } {} {} {}
E {    1} {d} {d} {32} {0}

R {    3} {0} {} {3} { } {} {} {}
E {    1} {e} {e} {2} {0}
E {    4} {w} {w} {8} {0}
E {    8} {s} {s} {4} {0}
E {    9} {se} {se} {6} {0}
E {   65} {n} {n} {1} {0}

R {    4} {0} {} {扬州钱庄} { } {} {} {}
E {    3} {e} {e} {2} {0}
E {    5} {s} {s} {4} {0}

R {    5} {0} {} {5} { } {} {} {}
E {    4} {n} {n} {1} {0}

R {    6} {0} {} {ct} { } {} {} {}
E {   27} {n} {n} {1} {0}
E {    7} {s} {s} {4} {0}
E {   43} {e} {e} {2} {0}
E {   42} {w} {w} {8} {0}
E {  112} {d} {d} {32} {0}
E {  114} {enter shudong} {enter shudong} {0} {0}
E {  114} {enter} {enter} {128} {0}

R {    7} {0} {} {7} { } {} {} {}
E {    6} {n} {n} {1} {0}
E {   44} {e} {e} {2} {0}
E {   46} {w} {w} {8} {0}
E {   48} {s} {s} {4} {0}

R {    8} {8} {} {8} { } {} {} {}
E {   12} {s} {s} {4} {0}
E {    3} {n} {n} {1} {0}

R {    9} {0} {} {9} { } {} {} {}
E {    3} {nw} {nw} {9} {0}
E {   10} {e} {e} {2} {0}

R {   10} {0} {} {10} { } {} {} {}
E {    9} {w} {w} {8} {0}

R {   11} {0} {} {11} { } {} {} {}
E {   43} {w} {w} {8} {0}
E {   13} {n} {n} {1} {0}
E {   14} {e} {e} {2} {0}
E {   22} {s} {s} {4} {0}

R {   12} {8} {} {12} { } {} {} {}
E {    8} {n} {n} {1} {0}
E {   27} {s} {s} {4} {0}

R {   13} {0} {} {书院} { } {} {} {}
E {   11} {s} {s} {4} {0}

R {   14} {0} {} {14} { } {} {} {}
E {   11} {w} {w} {8} {0}
E {   15} {n} {n} {1} {0}
E {   16} {e} {e} {2} {0}
E {   20} {s} {s} {4} {0}

R {   15} {0} {} {15} { } {} {} {}
E {   14} {s} {s} {4} {0}

R {   16} {0} {} {16} { } {} {} {}
E {   14} {w} {w} {8} {0}
E {   17} {e} {e} {2} {0}
E {   18} {n} {n} {1} {0}
E {   19} {s} {s} {4} {0}

R {   17} {0} {} {东门} { } {} {} {}
E {   16} {w} {w} {8} {0}

R {   18} {0} {} {18} { } {} {} {}
E {   16} {s} {s} {4} {0}

R {   19} {0} {} {19} { } {} {} {}
E {   16} {n} {n} {1} {0}

R {   20} {0} {} {20} { } {} {} {}
E {   14} {n} {n} {1} {0}
E {   21} {s} {s} {4} {0}

R {   21} {0} {} {21} { } {} {} {}
E {   20} {n} {n} {1} {0}

R {   22} {0} {} {杂货铺} { } {} {} {}
E {   11} {n} {n} {1} {0}

R {   23} {0} {} {23} { } {} {} {}
E {   42} {e} {e} {2} {0}
E {   24} {s} {s} {4} {0}
E {   25} {n} {n} {1} {0}
E {   29} {w} {w} {8} {0}

R {   24} {0} {} {24} { } {} {} {}
E {   23} {n} {n} {1} {0}

R {   25} {0} {} {25} { } {} {} {}
E {   23} {s} {s} {4} {0}
E {   26} {w} {w} {8} {0}

R {   26} {0} {} {26} { } {} {} {}
E {   25} {e} {e} {2} {0}

R {   27} {8} {} {27} { } {} {} {}
E {   12} {n} {n} {1} {0}
E {    6} {s} {s} {4} {0}

R {   28} {0} {} {28} { } {} {} {}
E {   29} {e} {e} {2} {0}
E {   30} {n} {n} {1} {0}
E {   40} {w} {w} {8} {0}

R {   29} {8} {} {29} { } {} {} {}
E {   28} {w} {w} {8} {0}
E {   23} {e} {e} {2} {0}

R {   30} {0} {} {30} { } {} {} {}
E {   28} {s} {s} {4} {0}
E {   31} {n} {n} {1} {0}

R {   31} {0} {} {31} { } {} {} {}
E {   30} {s} {s} {4} {0}
E {   32} {n} {n} {1} {0}

R {   32} {0} {} {32} { } {} {} {}
E {   31} {s} {s} {4} {0}
E {   33} {w} {w} {8} {0}

R {   33} {0} {} {33} { } {} {} {}
E {   32} {e} {e} {2} {0}

R {   34} {0} {} {34} { } {} {} {}
E {   40} {e} {e} {2} {0}
E {   35} {w} {w} {8} {0}
E {   36} {n} {n} {1} {0}
E {   37} {s} {s} {4} {0}

R {   35} {0} {} {西门} { } {} {} {}
E {   34} {e} {e} {2} {0}

R {   36} {0} {} {36} { } {} {} {}
E {   34} {s} {s} {4} {0}

R {   37} {0} {} {37} { } {} {} {}
E {   34} {n} {n} {1} {0}
E {   38} {e} {e} {2} {0}

R {   38} {0} {} {38} { } {} {} {}
E {   37} {w} {w} {8} {0}
E {   39} {e} {e} {2} {0}

R {   39} {0} {} {39} { } {} {} {}
E {   38} {w} {w} {8} {0}
E {   41} {e} {e} {2} {0}

R {   40} {8} {} {40} { } {} {} {}
E {   34} {w} {w} {8} {0}
E {   28} {e} {e} {2} {0}

R {   41} {0} {} {41} { } {} {} {}
E {   39} {w} {w} {8} {0}

R {   42} {8} {} {42} { } {} {} {}
E {   23} {w} {w} {8} {0}
E {    6} {e} {e} {2} {0}

R {   43} {8} {} {43} { } {} {} {}
E {   11} {e} {e} {2} {0}
E {    6} {w} {w} {8} {0}

R {   44} {0} {} {当铺} { } {} {} {}
E {    7} {w} {w} {8} {0}
E {   45} {s} {s} {4} {0}

R {   45} {0} {} {45} { } {} {} {}
E {   44} {n} {n} {1} {0}

R {   46} {0} {} {46} { } {} {} {}
E {    7} {e} {e} {2} {0}

R {   47} {0} {} {47} { } {} {} {}
E {   48} {n} {n} {1} {0}
E {   49} {w} {w} {8} {0}
E {   50} {e} {e} {2} {0}
E {   53} {s} {s} {4} {0}

R {   48} {8} {} {48} { } {} {} {}
E {   47} {s} {s} {4} {0}
E {    7} {n} {n} {1} {0}

R {   49} {0} {} {49} { } {} {} {}
E {   47} {e} {e} {2} {0}

R {   50} {0} {} {50} { } {} {} {}
E {   47} {w} {w} {8} {0}

R {   51} {0} {} {51} { } {} {} {}
E {   53} {n} {n} {1} {0}
E {   52} {w} {w} {8} {0}
E {   54} {e} {e} {2} {0}
E {   64} {s} {s} {4} {0}

R {   52} {0} {} {别墅} { } {} {} {}
E {   51} {e} {e} {2} {0}

R {   53} {8} {} {53} { } {} {} {}
E {   51} {s} {s} {4} {0}
E {   47} {n} {n} {1} {0}

R {   54} {0} {} {54} { } {} {} {}
E {   51} {w} {w} {8} {0}
E {   55} {n} {n} {1} {0}
E {   56} {s} {s} {4} {0}
E {   57} {e} {e} {2} {0}

R {   55} {0} {} {55} { } {} {} {}
E {   54} {s} {s} {4} {0}

R {   56} {0} {} {56} { } {} {} {}
E {   54} {n} {n} {1} {0}

R {   57} {0} {} {57} { } {} {} {}
E {   54} {w} {w} {8} {0}
E {   58} {n} {n} {1} {0}
E {   59} {s} {s} {4} {0}
E {   60} {e} {e} {2} {0}

R {   58} {0} {} {58} { } {} {} {}
E {   57} {s} {s} {4} {0}

R {   59} {0} {} {59} { } {} {} {}
E {   57} {n} {n} {1} {0}

R {   60} {0} {} {60} { } {} {} {}
E {   57} {w} {w} {8} {0}
E {   61} {n} {n} {1} {0}
E {   62} {s} {s} {4} {0}
E {   63} {e} {e} {2} {0}

R {   61} {0} {} {61} { } {} {} {}
E {   60} {s} {s} {4} {0}

R {   62} {0} {} {62} { } {} {} {}
E {   60} {n} {n} {1} {0}

R {   63} {0} {} {63} { } {} {} {}
E {   60} {w} {w} {8} {0}

R {   64} {0} {} {南门} { } {} {} {}
E {   51} {n} {n} {1} {0}

R {   65} {0} {} {65} { } {} {} {}
E {    3} {s} {s} {4} {0}
E {   66} {w} {w} {8} {0}
E {   68} {e} {e} {2} {0}
E {   70} {n} {n} {1} {0}

R {   66} {0} {} {武庙} { } {} {} {}
E {   65} {e} {e} {2} {0}
E {   67} {u} {u} {16} {0}

R {   67} {0} {} {67} { } {} {} {}
E {   66} {d} {d} {32} {0}

R {   68} {0} {} {68} { } {} {} {}
E {   65} {w} {w} {8} {0}
E {   69} {u} {u} {16} {0}

R {   69} {0} {} {69} { } {} {} {}
E {   68} {d} {d} {32} {0}

R {   70} {0} {} {北门} { } {} {} {}
E {   65} {s} {s} {4} {0}
E {   71} {e} {e} {2} {0}
E {   92} {n} {n} {1} {0}

R {   71} {0} {} {71} { } {} {} {}
E {   70} {w} {w} {8} {0}

R {   72} {0} {} {72} { } {} {} {}
E {   73} {n} {n} {1} {0}

R {   73} {0} {} {73} { } {} {} {}
E {   72} {s} {s} {4} {0}
E {   74} {n} {n} {1} {0}

R {   74} {0} {} {74} { } {} {} {}
E {   73} {s} {s} {4} {0}
E {   75} {n} {n} {1} {0}

R {   75} {0} {} {75} { } {} {} {}
E {   74} {s} {s} {4} {0}
E {   76} {w} {w} {8} {0}
E {   80} {n} {n} {1} {0}

R {   76} {0} {} {76} { } {} {} {}
E {   75} {e} {e} {2} {0}
E {   77} {w} {w} {8} {0}
E {   79} {n} {n} {1} {0}

R {   77} {0} {} {77} { } {} {} {}
E {   76} {e} {e} {2} {0}
E {   78} {n} {n} {1} {0}

R {   78} {0} {} {78} { } {} {} {}
E {   77} {s} {s} {4} {0}
E {   79} {e} {e} {2} {0}

R {   79} {0} {} {79} { } {} {} {}
E {   76} {s} {s} {4} {0}
E {   78} {w} {w} {8} {0}
E {   80} {e} {e} {2} {0}

R {   80} {0} {} {80} { } {} {} {}
E {   79} {w} {w} {8} {0}
E {   75} {s} {s} {4} {0}
E {   81} {n} {n} {1} {0}

R {   81} {0} {} {81} { } {} {} {}
E {   80} {s} {s} {4} {0}
E {   82} {e} {e} {2} {0}
E {   84} {n} {n} {1} {0}

R {   82} {0} {} {82} { } {} {} {}
E {   81} {w} {w} {8} {0}
E {   83} {n} {n} {1} {0}

R {   83} {0} {} {83} { } {} {} {}
E {   82} {s} {s} {4} {0}

R {   84} {0} {} {84} { } {} {} {}
E {   81} {s} {s} {4} {0}
E {   85} {w} {w} {8} {0}
E {   86} {n} {n} {1} {0}

R {   85} {0} {} {85} { } {} {} {}
E {   84} {e} {e} {2} {0}

R {   86} {0} {} {86} { } {} {} {}
E {   84} {s} {s} {4} {0}
E {   87} {n} {n} {1} {0}

R {   87} {0} {} {87} { } {} {} {}
E {   86} {s} {s} {4} {0}
E {   88} {nw} {nw} {9} {0}

R {   88} {0} {} {88} { } {} {} {}
E {   87} {se} {se} {6} {0}
E {   89} {nw} {nw} {9} {0}

R {   89} {0} {} {89} { } {} {} {}
E {   88} {se} {se} {6} {0}
E {   90} {nw} {nw} {9} {0}

R {   90} {0} {} {90} { } {} {} {}
E {   89} {se} {se} {6} {0}
E {   91} {w} {w} {8} {0}

R {   91} {0} {} {91} { } {} {} {}
E {   90} {e} {e} {2} {0}

R {   92} {0} {} {92} { } {} {} {}
E {   70} {s} {s} {4} {0}
E {   93} {n} {n} {1} {0}

R {   93} {0} {} {93} { } {} {} {}
E {   92} {s} {s} {4} {0}
E {   94} {n} {n} {1} {0}

R {   94} {0} {} {94} { } {} {} {}
E {   93} {s} {s} {4} {0}
E {   95} {n} {n} {1} {0}

R {   95} {0} {} {95} { } {} {} {}
E {   94} {s} {s} {4} {0}
E {   96} {n} {n} {1} {0}

R {   96} {0} {} {96} { } {} {} {}
E {   95} {s} {s} {4} {0}
E {   97} {n} {n} {1} {0}

R {   97} {0} {} {97} { } {} {} {}
E {   96} {s} {s} {4} {0}
E {   98} {w} {w} {8} {0}
E {  101} {n} {n} {1} {0}

R {   98} {0} {} {98} { } {} {} {}
E {   97} {e} {e} {2} {0}
E {   99} {w} {w} {8} {0}

R {   99} {0} {} {99} { } {} {} {}
E {   98} {e} {e} {2} {0}
E {  100} {n} {n} {1} {0}

R {  100} {0} {} {100} { } {} {} {}
E {   99} {s} {s} {4} {0}

R {  101} {0} {} {101} { } {} {} {}
E {   97} {s} {s} {4} {0}
E {  102} {e} {e} {2} {0}
E {  104} {n} {n} {1} {0}

R {  102} {0} {} {102} { } {} {} {}
E {  101} {w} {w} {8} {0}
E {  103} {n} {n} {1} {0}

R {  103} {0} {} {103} { } {} {} {}
E {  102} {s} {s} {4} {0}

R {  104} {0} {} {104} { } {} {} {}
E {  101} {s} {s} {4} {0}
E {  105} {w} {w} {8} {0}
E {  106} {n} {n} {1} {0}

R {  105} {0} {} {105} { } {} {} {}
E {  104} {e} {e} {2} {0}

R {  106} {0} {} {106} { } {} {} {}
E {  104} {s} {s} {4} {0}
E {  107} {n} {n} {1} {0}

R {  107} {0} {} {107} { } {} {} {}
E {  106} {s} {s} {4} {0}
E {  108} {nw} {nw} {9} {0}

R {  108} {0} {} {108} { } {} {} {}
E {  107} {se} {se} {6} {0}
E {  109} {nw} {nw} {9} {0}

R {  109} {0} {} {109} { } {} {} {}
E {  108} {se} {se} {6} {0}
E {  110} {nw} {nw} {9} {0}

R {  110} {0} {} {110} { } {} {} {}
E {  109} {se} {se} {6} {0}
E {  111} {w} {w} {8} {0}

R {  111} {0} {} {111} { } {} {} {}
E {  110} {e} {e} {2} {0}

R {  112} {0} {} {112} { } {} {} {}
E {    6} {u} {u} {16} {0}
E {  113} {out} {out} {64} {0}

R {  113} {0} {} {发呆室} { } {} {} {}
E {  112} {enter} {enter} {128} {0}

R {  114} {0} {} {树洞} { } {} {} {}
E {    6} {out} {out} {64} {0}
